Archive member included because of file (symbol)

d:/ac6/systemworkbench/plugins/fr.ac6.mcu.externaltools.arm-none.win32_1.3.0.201507241045/tools/compiler/bin/../lib/gcc/arm-none-eabi/4.9.3/../../../../arm-none-eabi/lib/armv7e-m/fpu\libc.a(lib_a-errno.o)
                              src/syscalls.o (__errno)
d:/ac6/systemworkbench/plugins/fr.ac6.mcu.externaltools.arm-none.win32_1.3.0.201507241045/tools/compiler/bin/../lib/gcc/arm-none-eabi/4.9.3/../../../../arm-none-eabi/lib/armv7e-m/fpu\libc.a(lib_a-exit.o)
                              d:/ac6/systemworkbench/plugins/fr.ac6.mcu.externaltools.arm-none.win32_1.3.0.201507241045/tools/compiler/bin/../lib/gcc/arm-none-eabi/4.9.3/../../../../arm-none-eabi/lib/armv7e-m/fpu/crt0.o (exit)
d:/ac6/systemworkbench/plugins/fr.ac6.mcu.externaltools.arm-none.win32_1.3.0.201507241045/tools/compiler/bin/../lib/gcc/arm-none-eabi/4.9.3/../../../../arm-none-eabi/lib/armv7e-m/fpu\libc.a(lib_a-impure.o)
                              d:/ac6/systemworkbench/plugins/fr.ac6.mcu.externaltools.arm-none.win32_1.3.0.201507241045/tools/compiler/bin/../lib/gcc/arm-none-eabi/4.9.3/../../../../arm-none-eabi/lib/armv7e-m/fpu\libc.a(lib_a-exit.o) (_global_impure_ptr)
d:/ac6/systemworkbench/plugins/fr.ac6.mcu.externaltools.arm-none.win32_1.3.0.201507241045/tools/compiler/bin/../lib/gcc/arm-none-eabi/4.9.3/../../../../arm-none-eabi/lib/armv7e-m/fpu\libc.a(lib_a-init.o)
                              d:/ac6/systemworkbench/plugins/fr.ac6.mcu.externaltools.arm-none.win32_1.3.0.201507241045/tools/compiler/bin/../lib/gcc/arm-none-eabi/4.9.3/../../../../arm-none-eabi/lib/armv7e-m/fpu/crt0.o (__libc_init_array)
d:/ac6/systemworkbench/plugins/fr.ac6.mcu.externaltools.arm-none.win32_1.3.0.201507241045/tools/compiler/bin/../lib/gcc/arm-none-eabi/4.9.3/../../../../arm-none-eabi/lib/armv7e-m/fpu\libc.a(lib_a-malloc.o)
                              src/main.o (malloc)
d:/ac6/systemworkbench/plugins/fr.ac6.mcu.externaltools.arm-none.win32_1.3.0.201507241045/tools/compiler/bin/../lib/gcc/arm-none-eabi/4.9.3/../../../../arm-none-eabi/lib/armv7e-m/fpu\libc.a(lib_a-mallocr.o)
                              d:/ac6/systemworkbench/plugins/fr.ac6.mcu.externaltools.arm-none.win32_1.3.0.201507241045/tools/compiler/bin/../lib/gcc/arm-none-eabi/4.9.3/../../../../arm-none-eabi/lib/armv7e-m/fpu\libc.a(lib_a-malloc.o) (_malloc_r)
d:/ac6/systemworkbench/plugins/fr.ac6.mcu.externaltools.arm-none.win32_1.3.0.201507241045/tools/compiler/bin/../lib/gcc/arm-none-eabi/4.9.3/../../../../arm-none-eabi/lib/armv7e-m/fpu\libc.a(lib_a-memcpy.o)
                              Middlewares/ST/STM32_USB_Host_Library/Class/HID/Src/usbh_hid.o (memcpy)
d:/ac6/systemworkbench/plugins/fr.ac6.mcu.externaltools.arm-none.win32_1.3.0.201507241045/tools/compiler/bin/../lib/gcc/arm-none-eabi/4.9.3/../../../../arm-none-eabi/lib/armv7e-m/fpu\libc.a(lib_a-memset.o)
                              d:/ac6/systemworkbench/plugins/fr.ac6.mcu.externaltools.arm-none.win32_1.3.0.201507241045/tools/compiler/bin/../lib/gcc/arm-none-eabi/4.9.3/../../../../arm-none-eabi/lib/armv7e-m/fpu/crt0.o (memset)
d:/ac6/systemworkbench/plugins/fr.ac6.mcu.externaltools.arm-none.win32_1.3.0.201507241045/tools/compiler/bin/../lib/gcc/arm-none-eabi/4.9.3/../../../../arm-none-eabi/lib/armv7e-m/fpu\libc.a(lib_a-mlock.o)
                              d:/ac6/systemworkbench/plugins/fr.ac6.mcu.externaltools.arm-none.win32_1.3.0.201507241045/tools/compiler/bin/../lib/gcc/arm-none-eabi/4.9.3/../../../../arm-none-eabi/lib/armv7e-m/fpu\libc.a(lib_a-mallocr.o) (__malloc_lock)
d:/ac6/systemworkbench/plugins/fr.ac6.mcu.externaltools.arm-none.win32_1.3.0.201507241045/tools/compiler/bin/../lib/gcc/arm-none-eabi/4.9.3/../../../../arm-none-eabi/lib/armv7e-m/fpu\libc.a(lib_a-sbrkr.o)
                              d:/ac6/systemworkbench/plugins/fr.ac6.mcu.externaltools.arm-none.win32_1.3.0.201507241045/tools/compiler/bin/../lib/gcc/arm-none-eabi/4.9.3/../../../../arm-none-eabi/lib/armv7e-m/fpu\libc.a(lib_a-mallocr.o) (_sbrk_r)
d:/ac6/systemworkbench/plugins/fr.ac6.mcu.externaltools.arm-none.win32_1.3.0.201507241045/tools/compiler/bin/../lib/gcc/arm-none-eabi/4.9.3/../../../../arm-none-eabi/lib/armv7e-m/fpu\libc.a(lib_a-strlen.o)
                              src/log.o (strlen)
d:/ac6/systemworkbench/plugins/fr.ac6.mcu.externaltools.arm-none.win32_1.3.0.201507241045/tools/compiler/bin/../lib/gcc/arm-none-eabi/4.9.3/../../../../arm-none-eabi/lib/armv7e-m/fpu\libc.a(lib_a-vsprintf.o)
                              src/log.o (vsprintf)
d:/ac6/systemworkbench/plugins/fr.ac6.mcu.externaltools.arm-none.win32_1.3.0.201507241045/tools/compiler/bin/../lib/gcc/arm-none-eabi/4.9.3/../../../../arm-none-eabi/lib/armv7e-m/fpu\libc.a(lib_a-__call_atexit.o)
                              d:/ac6/systemworkbench/plugins/fr.ac6.mcu.externaltools.arm-none.win32_1.3.0.201507241045/tools/compiler/bin/../lib/gcc/arm-none-eabi/4.9.3/../../../../arm-none-eabi/lib/armv7e-m/fpu\libc.a(lib_a-exit.o) (__call_exitprocs)
[...]
Memory Configuration

Name             Origin             Length             Attributes
FLASH            0x08000000         0x00100000         xr
RAM              0x20000000         0x00030000         xrw
MEMORY_B1        0x60000000         0x00000000         xr
*default*        0x00000000         0xffffffff

Linker script and memory map

LOAD d:/ac6/systemworkbench/plugins/fr.ac6.mcu.externaltools.arm-none.win32_1.3.0.201507241045/tools/compiler/bin/../lib/gcc/arm-none-eabi/4.9.3/armv7e-m/fpu/crti.o
LOAD d:/ac6/systemworkbench/plugins/fr.ac6.mcu.externaltools.arm-none.win32_1.3.0.201507241045/tools/compiler/bin/../lib/gcc/arm-none-eabi/4.9.3/armv7e-m/fpu/crtbegin.o
LOAD d:/ac6/systemworkbench/plugins/fr.ac6.mcu.externaltools.arm-none.win32_1.3.0.201507241045/tools/compiler/bin/../lib/gcc/arm-none-eabi/4.9.3/../../../../arm-none-eabi/lib/armv7e-m/fpu/crt0.o
LOAD d:/ac6/systemworkbench/plugins/fr.ac6.mcu.externaltools.arm-none.win32_1.3.0.201507241045/tools/compiler/bin/../lib/gcc/arm-none-eabi/4.9.3/../../../../arm-none-eabi/lib/armv7e-m/fpu\libm.a
LOAD startup/startup_stm32f407xx.o
LOAD src/log.o
LOAD src/main.o
LOAD src/stm32f4xx_it.o
LOAD src/syscalls.o
LOAD src/system_stm32f4xx.o
LOAD src/usbh_conf.o
LOAD Utilities/STM32F4-Discovery/stm32f4_discovery.o
LOAD Middlewares/ST/STM32_USB_Host_Library/Core/Src/usbh_core.o
LOAD Middlewares/ST/STM32_USB_Host_Library/Core/Src/usbh_ctlreq.o
LOAD Middlewares/ST/STM32_USB_Host_Library/Core/Src/usbh_ioreq.o
LOAD Middlewares/ST/STM32_USB_Host_Library/Core/Src/usbh_pipes.o
LOAD Middlewares/ST/STM32_USB_Host_Library/Class/HUB/usbh_hub.o
LOAD Middlewares/ST/STM32_USB_Host_Library/Class/HID/Src/usbh_hid.o
LOAD Middlewares/ST/STM32_USB_Host_Library/Class/HID/Src/usbh_hid_keybd.o
LOAD Middlewares/ST/STM32_USB_Host_Library/Class/HID/Src/usbh_hid_mouse.o
LOAD Middlewares/ST/STM32_USB_Host_Library/Class/HID/Src/usbh_hid_parser.o
LOAD HAL_Driver/Src/stm32f4xx_hal.o
LOAD HAL_Driver/Src/stm32f4xx_hal_cortex.o
LOAD HAL_Driver/Src/stm32f4xx_hal_dma.o
LOAD HAL_Driver/Src/stm32f4xx_hal_dma_ex.o
LOAD HAL_Driver/Src/stm32f4xx_hal_flash.o
LOAD HAL_Driver/Src/stm32f4xx_hal_flash_ex.o
LOAD HAL_Driver/Src/stm32f4xx_hal_flash_ramfunc.o
LOAD HAL_Driver/Src/stm32f4xx_hal_gpio.o
LOAD HAL_Driver/Src/stm32f4xx_hal_hcd.o
LOAD HAL_Driver/Src/stm32f4xx_hal_i2c_ex.o
LOAD HAL_Driver/Src/stm32f4xx_hal_pcd.o
LOAD HAL_Driver/Src/stm32f4xx_hal_pcd_ex.o
LOAD HAL_Driver/Src/stm32f4xx_hal_pwr.o
LOAD HAL_Driver/Src/stm32f4xx_hal_pwr_ex.o
LOAD HAL_Driver/Src/stm32f4xx_hal_rcc.o
LOAD HAL_Driver/Src/stm32f4xx_hal_rcc_ex.o
LOAD HAL_Driver/Src/stm32f4xx_hal_tim.o
LOAD HAL_Driver/Src/stm32f4xx_hal_tim_ex.o
LOAD HAL_Driver/Src/stm32f4xx_hal_uart.o
LOAD HAL_Driver/Src/stm32f4xx_hal_usart.o
LOAD HAL_Driver/Src/stm32f4xx_ll_usb.o
START GROUP
LOAD d:/ac6/systemworkbench/plugins/fr.ac6.mcu.externaltools.arm-none.win32_1.3.0.201507241045/tools/compiler/bin/../lib/gcc/arm-none-eabi/4.9.3/armv7e-m/fpu\libgcc.a
LOAD d:/ac6/systemworkbench/plugins/fr.ac6.mcu.externaltools.arm-none.win32_1.3.0.201507241045/tools/compiler/bin/../lib/gcc/arm-none-eabi/4.9.3/../../../../arm-none-eabi/lib/armv7e-m/fpu\libc.a
END GROUP
LOAD d:/ac6/systemworkbench/plugins/fr.ac6.mcu.externaltools.arm-none.win32_1.3.0.201507241045/tools/compiler/bin/../lib/gcc/arm-none-eabi/4.9.3/armv7e-m/fpu/crtend.o
LOAD d:/ac6/systemworkbench/plugins/fr.ac6.mcu.externaltools.arm-none.win32_1.3.0.201507241045/tools/compiler/bin/../lib/gcc/arm-none-eabi/4.9.3/armv7e-m/fpu/crtn.o
                0x20020000                _estack = 0x20020000
                0x00000000                _Min_Heap_Size = 0x0
                0x00000400                _Min_Stack_Size = 0x400

.isr_vector     0x08000000      0x188
                0x08000000                . = ALIGN (0x4)
 *(.isr_vector)
 .isr_vector    0x08000000      0x188 startup/startup_stm32f407xx.o
                0x08000000                g_pfnVectors
                0x08000188                . = ALIGN (0x4)

.text           0x08000188     0xdce8
                0x08000188                . = ALIGN (0x4)
 *(.text)
 .text          0x08000188       0x5c d:/ac6/systemworkbench/plugins/fr.ac6.mcu.externaltools.arm-none.win32_1.3.0.201507241045/tools/compiler/bin/../lib/gcc/arm-none-eabi/4.9.3/armv7e-m/fpu/crtbegin.o
 .text          0x080001e4      0x134 d:/ac6/systemworkbench/plugins/fr.ac6.mcu.externaltools.arm-none.win32_1.3.0.201507241045/tools/compiler/bin/../lib/gcc/arm-none-eabi/4.9.3/../../../../arm-none-eabi/lib/armv7e-m/fpu\libc.a(lib_a-memcpy.o)
                0x080001e4                memcpy
 .text          0x08000318      0x370 d:/ac6/systemworkbench/plugins/fr.ac6.mcu.externaltools.arm-none.win32_1.3.0.201507241045/tools/compiler/bin/../lib/gcc/arm-none-eabi/4.9.3/armv7e-m/fpu\libgcc.a(_arm_addsubdf3.o)
                0x08000318                __aeabi_drsub
                0x08000320                __aeabi_dsub
                0x08000320                __subdf3
                0x08000324                __aeabi_dadd
                0x08000324                __adddf3
                0x0800059c                __floatunsidf
                0x0800059c                __aeabi_ui2d
                0x080005bc                __floatsidf
                0x080005bc                __aeabi_i2d
                0x080005e0                __aeabi_f2d
                0x080005e0                __extendsfdf2
                0x0800061c                __floatundidf
                0x0800061c                __aeabi_ul2d
                0x0800062c                __floatdidf
                0x0800062c                __aeabi_l2d
 .text          0x08000688      0x424 d:/ac6/systemworkbench/plugins/fr.ac6.mcu.externaltools.arm-none.win32_1.3.0.201507241045/tools/compiler/bin/../lib/gcc/arm-none-eabi/4.9.3/armv7e-m/fpu\libgcc.a(_arm_muldivdf3.o)
                0x08000688                __aeabi_dmul
                0x08000688                __muldf3
                0x080008dc                __divdf3
                0x080008dc                __aeabi_ddiv
 .text          0x08000aac      0x110 d:/ac6/systemworkbench/plugins/fr.ac6.mcu.externaltools.arm-none.win32_1.3.0.201507241045/tools/compiler/bin/../lib/gcc/arm-none-eabi/4.9.3/armv7e-m/fpu\libgcc.a(_arm_cmpdf2.o)
                0x08000aac                __gtdf2
                0x08000aac                __gedf2
                0x08000ab4                __ltdf2
                0x08000ab4                __ledf2
                0x08000abc                __nedf2
                0x08000abc                __eqdf2
                0x08000abc                __cmpdf2
                0x08000b38                __aeabi_cdrcmple
                0x08000b48                __aeabi_cdcmpeq
                0x08000b48                __aeabi_cdcmple
                0x08000b58                __aeabi_dcmpeq
                0x08000b6c                __aeabi_dcmplt
                0x08000b80                __aeabi_dcmple
                0x08000b94                __aeabi_dcmpge
                0x08000ba8                __aeabi_dcmpgt
 .text          0x08000bbc       0x50 d:/ac6/systemworkbench/plugins/fr.ac6.mcu.externaltools.arm-none.win32_1.3.0.201507241045/tools/compiler/bin/../lib/gcc/arm-none-eabi/4.9.3/armv7e-m/fpu\libgcc.a(_arm_fixdfsi.o)
                0x08000bbc                __aeabi_d2iz
                0x08000bbc                __fixdfsi
 .text          0x08000c0c       0x30 d:/ac6/systemworkbench/plugins/fr.ac6.mcu.externaltools.arm-none.win32_1.3.0.201507241045/tools/compiler/bin/../lib/gcc/arm-none-eabi/4.9.3/armv7e-m/fpu\libgcc.a(_aeabi_uldivmod.o)
                0x08000c0c                __aeabi_uldivmod
 .text          0x08000c3c       0x60 d:/ac6/systemworkbench/plugins/fr.ac6.mcu.externaltools.arm-none.win32_1.3.0.201507241045/tools/compiler/bin/../lib/gcc/arm-none-eabi/4.9.3/armv7e-m/fpu\libgcc.a(bpabi.o)
                0x08000c3c                __gnu_ldivmod_helper
                0x08000c6c                __gnu_uldivmod_helper
 .text          0x08000c9c        0x4 d:/ac6/systemworkbench/plugins/fr.ac6.mcu.externaltools.arm-none.win32_1.3.0.201507241045/tools/compiler/bin/../lib/gcc/arm-none-eabi/4.9.3/armv7e-m/fpu\libgcc.a(_dvmd_tls.o)
                0x08000c9c                __aeabi_idiv0
                0x08000c9c                __aeabi_ldiv0
 .text          0x08000ca0      0x29c d:/ac6/systemworkbench/plugins/fr.ac6.mcu.externaltools.arm-none.win32_1.3.0.201507241045/tools/compiler/bin/../lib/gcc/arm-none-eabi/4.9.3/armv7e-m/fpu\libgcc.a(_divdi3.o)
                0x08000ca0                __divdi3
 .text          0x08000f3c      0x26c d:/ac6/systemworkbench/plugins/fr.ac6.mcu.externaltools.arm-none.win32_1.3.0.201507241045/tools/compiler/bin/../lib/gcc/arm-none-eabi/4.9.3/armv7e-m/fpu\libgcc.a(_udivdi3.o)
                0x08000f3c                __udivdi3
 *(.text*)
 .text.Reset_Handler
                0x080011a8       0x50 startup/startup_stm32f407xx.o
                0x080011a8                Reset_Handler
 .text.Default_Handler
                0x080011f8        0x2 startup/startup_stm32f407xx.o
                0x080011f8                RTC_Alarm_IRQHandler
                0x080011f8                HASH_RNG_IRQHandler
                0x080011f8                EXTI2_IRQHandler
                0x080011f8                TIM8_CC_IRQHandler
                0x080011f8                DebugMon_Handler
                0x080011f8                TIM1_CC_IRQHandler
                0x080011f8                DMA2_Stream5_IRQHandler
                0x080011f8                HardFault_Handler
                0x080011f8                DMA1_Stream5_IRQHandler
                0x080011f8                PVD_IRQHandler
                0x080011f8                SDIO_IRQHandler
                0x080011f8                TAMP_STAMP_IRQHandler
                0x080011f8                PendSV_Handler
                0x080011f8                NMI_Handler
                0x080011f8                CAN2_RX1_IRQHandler
                0x080011f8                EXTI3_IRQHandler
                0x080011f8                TIM8_TRG_COM_TIM14_IRQHandler
                0x080011f8                TIM1_UP_TIM10_IRQHandler
                0x080011f8                TIM8_UP_TIM13_IRQHandler
                0x080011f8                I2C3_ER_IRQHandler
                0x080011f8                EXTI0_IRQHandler
                0x080011f8                I2C2_EV_IRQHandler
                0x080011f8                DMA1_Stream2_IRQHandler
                0x080011f8                CAN1_RX0_IRQHandler
                0x080011f8                FPU_IRQHandler
                0x080011f8                OTG_HS_WKUP_IRQHandler
                0x080011f8                UsageFault_Handler
                0x080011f8                CAN2_SCE_IRQHandler
                0x080011f8                DMA2_Stream2_IRQHandler
                0x080011f8                SPI1_IRQHandler
                0x080011f8                TIM6_DAC_IRQHandler
                0x080011f8                TIM1_BRK_TIM9_IRQHandler
                0x080011f8                DCMI_IRQHandler
                0x080011f8                CAN2_RX0_IRQHandler
                0x080011f8                DMA2_Stream3_IRQHandler
                0x080011f8                USART6_IRQHandler
                0x080011f8                USART3_IRQHandler
                0x080011f8                CAN1_RX1_IRQHandler
                0x080011f8                UART5_IRQHandler
                0x080011f8                DMA2_Stream0_IRQHandler
                0x080011f8                TIM4_IRQHandler
                0x080011f8                I2C1_EV_IRQHandler
                0x080011f8                DMA1_Stream6_IRQHandler
                0x080011f8                DMA1_Stream1_IRQHandler
                0x080011f8                UART4_IRQHandler
                0x080011f8                TIM3_IRQHandler
                0x080011f8                RCC_IRQHandler
                0x080011f8                TIM8_BRK_TIM12_IRQHandler
                0x080011f8                Default_Handler
                0x080011f8                EXTI15_10_IRQHandler
                0x080011f8                ADC_IRQHandler
                0x080011f8                DMA1_Stream7_IRQHandler
                0x080011f8                TIM7_IRQHandler
                0x080011f8                CAN2_TX_IRQHandler
                0x080011f8                TIM5_IRQHandler
                0x080011f8                DMA2_Stream7_IRQHandler
                0x080011f8                I2C3_EV_IRQHandler
                0x080011f8                EXTI9_5_IRQHandler
                0x080011f8                RTC_WKUP_IRQHandler
                0x080011f8                ETH_WKUP_IRQHandler
                0x080011f8                SPI2_IRQHandler
                0x080011f8                OTG_HS_EP1_IN_IRQHandler
                0x080011f8                MemManage_Handler
                0x080011f8                DMA1_Stream0_IRQHandler
                0x080011f8                CAN1_TX_IRQHandler
                0x080011f8                SVC_Handler
                0x080011f8                EXTI4_IRQHandler
                0x080011f8                FSMC_IRQHandler
                0x080011f8                ETH_IRQHandler
                0x080011f8                OTG_HS_EP1_OUT_IRQHandler
                0x080011f8                WWDG_IRQHandler
                0x080011f8                TIM2_IRQHandler
                0x080011f8                OTG_FS_WKUP_IRQHandler
                0x080011f8                TIM1_TRG_COM_TIM11_IRQHandler
                0x080011f8                EXTI1_IRQHandler
                0x080011f8                USART2_IRQHandler
                0x080011f8                I2C2_ER_IRQHandler
                0x080011f8                DMA2_Stream1_IRQHandler
                0x080011f8                CAN1_SCE_IRQHandler
                0x080011f8                FLASH_IRQHandler
                0x080011f8                DMA2_Stream4_IRQHandler
                0x080011f8                BusFault_Handler
                0x080011f8                USART1_IRQHandler
                0x080011f8                SPI3_IRQHandler
                0x080011f8                DMA1_Stream4_IRQHandler
                0x080011f8                I2C1_ER_IRQHandler
                0x080011f8                DMA2_Stream6_IRQHandler
                0x080011f8                DMA1_Stream3_IRQHandler
 *fill*         0x080011fa        0x2 
 .text.LOG_INIT
                0x080011fc       0x5c src/log.o
                0x080011fc                LOG_INIT
 .text.write_string
                0x08001258       0x28 src/log.o
                0x08001258                write_string
 .text.LOG      0x08001280       0x4c src/log.o
                0x08001280                LOG
 .text.LOG1     0x080012cc       0x44 src/log.o
                0x080012cc                LOG1
 .text.LOG_ARRAY1
                0x08001310       0x3c src/log.o
                0x08001310                LOG_ARRAY1
 .text.LOG_ARRAY
                0x0800134c       0x24 src/log.o
                0x0800134c                LOG_ARRAY
 .text.main     0x08001370       0xf4 src/main.o
                0x08001370                main
 .text.hub_process
                0x08001464      0x124 src/main.o
 .text.USBH_UserProcess
                0x08001588       0x40 src/main.o
 .text.system_clock_config
                0x080015c8       0xc4 src/main.o
 .text.SysTick_Handler
                0x0800168c       0x10 src/stm32f4xx_it.o
                0x0800168c                SysTick_Handler
 .text.OTG_FS_IRQHandler
                0x0800169c       0x20 src/stm32f4xx_it.o
                0x0800169c                OTG_FS_IRQHandler
 .text.OTG_HS_IRQHandler
                0x080016bc       0x2c src/stm32f4xx_it.o
                0x080016bc                OTG_HS_IRQHandler
 .text._sbrk    0x080016e8       0x58 src/syscalls.o
                0x080016e8                _sbrk
 .text.SystemInit
                0x08001740       0x6c src/system_stm32f4xx.o
                0x08001740                SystemInit
 .text.HAL_HCD_MspInit
                0x080017ac      0x15c src/usbh_conf.o
                0x080017ac                HAL_HCD_MspInit
 .text.HAL_HCD_SOF_Callback
                0x08001908       0x54 src/usbh_conf.o
                0x08001908                HAL_HCD_SOF_Callback
 .text.HAL_HCD_Connect_Callback
                0x0800195c       0x1c src/usbh_conf.o
                0x0800195c                HAL_HCD_Connect_Callback
 .text.HAL_HCD_Disconnect_Callback
                0x08001978       0x1c src/usbh_conf.o
                0x08001978                HAL_HCD_Disconnect_Callback
 .text.HAL_HCD_HC_NotifyURBChange_Callback
                0x08001994       0x1c src/usbh_conf.o
                0x08001994                HAL_HCD_HC_NotifyURBChange_Callback
 .text.USBH_LL_Init
                0x080019b0       0xa4 src/usbh_conf.o
                0x080019b0                USBH_LL_Init
 .text.USBH_LL_Start
                0x08001a54       0x20 src/usbh_conf.o
                0x08001a54                USBH_LL_Start
 .text.USBH_LL_Stop
                0x08001a74       0x20 src/usbh_conf.o
                0x08001a74                USBH_LL_Stop
 .text.USBH_LL_StopHC
                0x08001a94       0x28 src/usbh_conf.o
                0x08001a94                USBH_LL_StopHC
 .text.USBH_LL_GetSpeed
                0x08001abc       0x58 src/usbh_conf.o
                0x08001abc                USBH_LL_GetSpeed
 .text.USBH_LL_ResetPort
                0x08001b14       0x20 src/usbh_conf.o
                0x08001b14                USBH_LL_ResetPort
 .text.USBH_LL_OpenPipe
                0x08001b34       0x44 src/usbh_conf.o
                0x08001b34                USBH_LL_OpenPipe
 .text.USBH_LL_ClosePipe
                0x08001b78       0x28 src/usbh_conf.o
                0x08001b78                USBH_LL_ClosePipe
 .text.USBH_LL_SubmitURB
                0x08001ba0       0x48 src/usbh_conf.o
                0x08001ba0                USBH_LL_SubmitURB
 .text.USBH_LL_GetURBState
                0x08001be8       0x28 src/usbh_conf.o
                0x08001be8                USBH_LL_GetURBState
 .text.USBH_LL_DriverVBUS
                0x08001c10       0xa0 src/usbh_conf.o
                0x08001c10                USBH_LL_DriverVBUS
 .text.USBH_LL_SetToggle
                0x08001cb0       0x98 src/usbh_conf.o
                0x08001cb0                USBH_LL_SetToggle
 .text.USBH_Delay
                0x08001d48       0x14 src/usbh_conf.o
                0x08001d48                USBH_Delay
 .text.USBH_LL_SetupEP0
                0x08001d5c      0x114 src/usbh_conf.o
                0x08001d5c                USBH_LL_SetupEP0
 .text.BSP_LED_Init
                0x08001e70       0xf0 Utilities/STM32F4-Discovery/stm32f4_discovery.o
                0x08001e70                BSP_LED_Init
 .text.BSP_LED_On
                0x08001f60       0x34 Utilities/STM32F4-Discovery/stm32f4_discovery.o
                0x08001f60                BSP_LED_On
 .text.BSP_LED_Off
                0x08001f94       0x34 Utilities/STM32F4-Discovery/stm32f4_discovery.o
                0x08001f94                BSP_LED_Off
 .text.BSP_UART_Init
                0x08001fc8       0x9c Utilities/STM32F4-Discovery/stm32f4_discovery.o
                0x08001fc8                BSP_UART_Init
 .text.USBH_Init
                0x08002064       0x60 Middlewares/ST/STM32_USB_Host_Library/Core/Src/usbh_core.o
                0x08002064                USBH_Init
 .text.DeInitStateMachine
                0x080020c4       0x94 Middlewares/ST/STM32_USB_Host_Library/Core/Src/usbh_core.o
 .text.USBH_RegisterClass
                0x08002158       0x68 Middlewares/ST/STM32_USB_Host_Library/Core/Src/usbh_core.o
                0x08002158                USBH_RegisterClass
 .text.getInterfaceIdxFromNum
                0x080021c0       0x54 Middlewares/ST/STM32_USB_Host_Library/Core/Src/usbh_core.o
 .text.USBH_SelectInterface
                0x08002214       0x70 Middlewares/ST/STM32_USB_Host_Library/Core/Src/usbh_core.o
                0x08002214                USBH_SelectInterface
 .text.USBH_FindInterface
                0x08002284       0x98 Middlewares/ST/STM32_USB_Host_Library/Core/Src/usbh_core.o
                0x08002284                USBH_FindInterface
 .text.USBH_Start
                0x0800231c       0x20 Middlewares/ST/STM32_USB_Host_Library/Core/Src/usbh_core.o
                0x0800231c                USBH_Start
 .text.USBH_Process
                0x0800233c      0x438 Middlewares/ST/STM32_USB_Host_Library/Core/Src/usbh_core.o
                0x0800233c                USBH_Process
 .text.USBH_HandleEnum
                0x08002774      0x2cc Middlewares/ST/STM32_USB_Host_Library/Core/Src/usbh_core.o
 .text.USBH_LL_SetTimer
                0x08002a40       0x1c Middlewares/ST/STM32_USB_Host_Library/Core/Src/usbh_core.o
                0x08002a40                USBH_LL_SetTimer
 .text.USBH_LL_IncTimer
                0x08002a5c       0x24 Middlewares/ST/STM32_USB_Host_Library/Core/Src/usbh_core.o
                0x08002a5c                USBH_LL_IncTimer
 .text.USBH_HandleSof
                0x08002a80       0x30 Middlewares/ST/STM32_USB_Host_Library/Core/Src/usbh_core.o
 .text.USBH_LL_Connect
                0x08002ab0       0x58 Middlewares/ST/STM32_USB_Host_Library/Core/Src/usbh_core.o
                0x08002ab0                USBH_LL_Connect
 .text.USBH_LL_Disconnect
                0x08002b08       0xa8 Middlewares/ST/STM32_USB_Host_Library/Core/Src/usbh_core.o
                0x08002b08                USBH_LL_Disconnect
 .text.USBH_Get_DevDesc
                0x08002bb0       0x58 Middlewares/ST/STM32_USB_Host_Library/Core/Src/usbh_ctlreq.o
                0x08002bb0                USBH_Get_DevDesc
 .text.USBH_Get_CfgDesc
                0x08002c08       0x50 Middlewares/ST/STM32_USB_Host_Library/Core/Src/usbh_ctlreq.o
                0x08002c08                USBH_Get_CfgDesc
 .text.USBH_Get_StringDesc
                0x08002c58       0x58 Middlewares/ST/STM32_USB_Host_Library/Core/Src/usbh_ctlreq.o
                0x08002c58                USBH_Get_StringDesc
 .text.USBH_GetDescriptor
                0x08002cb0       0x74 Middlewares/ST/STM32_USB_Host_Library/Core/Src/usbh_ctlreq.o
                0x08002cb0                USBH_GetDescriptor
 .text.USBH_SetAddress
                0x08002d24       0x48 Middlewares/ST/STM32_USB_Host_Library/Core/Src/usbh_ctlreq.o
                0x08002d24                USBH_SetAddress
 .text.USBH_SetCfg
                0x08002d6c       0x48 Middlewares/ST/STM32_USB_Host_Library/Core/Src/usbh_ctlreq.o
                0x08002d6c                USBH_SetCfg
 .text.USBH_ClrFeature
                0x08002db4       0x48 Middlewares/ST/STM32_USB_Host_Library/Core/Src/usbh_ctlreq.o
                0x08002db4                USBH_ClrFeature
 .text.USBH_ParseDevDesc
                0x08002dfc       0xf0 Middlewares/ST/STM32_USB_Host_Library/Core/Src/usbh_ctlreq.o
 .text.USBH_ClassIsValid
                0x08002eec       0x58 Middlewares/ST/STM32_USB_Host_Library/Core/Src/usbh_ctlreq.o
 .text.USBH_ParseCfgDesc
                0x08002f44      0x184 Middlewares/ST/STM32_USB_Host_Library/Core/Src/usbh_ctlreq.o
 .text.USBH_ParseInterfaceDesc
                0x080030c8       0x88 Middlewares/ST/STM32_USB_Host_Library/Core/Src/usbh_ctlreq.o
 .text.USBH_ParseEPDesc
                0x08003150       0x58 Middlewares/ST/STM32_USB_Host_Library/Core/Src/usbh_ctlreq.o
 .text.USBH_ParseStringDesc
                0x080031a8       0x64 Middlewares/ST/STM32_USB_Host_Library/Core/Src/usbh_ctlreq.o
 .text.USBH_GetNextDesc
                0x0800320c       0x38 Middlewares/ST/STM32_USB_Host_Library/Core/Src/usbh_ctlreq.o
                0x0800320c                USBH_GetNextDesc
 .text.USBH_CtlReq
                0x08003244       0x90 Middlewares/ST/STM32_USB_Host_Library/Core/Src/usbh_ctlreq.o
                0x08003244                USBH_CtlReq
 .text.USBH_HandleControl
                0x080032d4      0x2dc Middlewares/ST/STM32_USB_Host_Library/Core/Src/usbh_ctlreq.o
 .text.USBH_CtlSendSetup
                0x080035b0       0x38 Middlewares/ST/STM32_USB_Host_Library/Core/Src/usbh_ioreq.o
                0x080035b0                USBH_CtlSendSetup
 .text.USBH_CtlSendData
                0x080035e8       0x4c Middlewares/ST/STM32_USB_Host_Library/Core/Src/usbh_ioreq.o
                0x080035e8                USBH_CtlSendData
 .text.USBH_CtlReceiveData
                0x08003634       0x40 Middlewares/ST/STM32_USB_Host_Library/Core/Src/usbh_ioreq.o
                0x08003634                USBH_CtlReceiveData
 .text.USBH_InterruptReceiveData
                0x08003674       0x40 Middlewares/ST/STM32_USB_Host_Library/Core/Src/usbh_ioreq.o
                0x08003674                USBH_InterruptReceiveData
 .text.USBH_OpenPipe
                0x080036b4       0x40 Middlewares/ST/STM32_USB_Host_Library/Core/Src/usbh_pipes.o
                0x080036b4                USBH_OpenPipe
 .text.USBH_ClosePipe
                0x080036f4       0x20 Middlewares/ST/STM32_USB_Host_Library/Core/Src/usbh_pipes.o
                0x080036f4                USBH_ClosePipe
 .text.USBH_AllocPipe
                0x08003714       0x54 Middlewares/ST/STM32_USB_Host_Library/Core/Src/usbh_pipes.o
                0x08003714                USBH_AllocPipe
 .text.USBH_FreePipe
                0x08003768       0x40 Middlewares/ST/STM32_USB_Host_Library/Core/Src/usbh_pipes.o
                0x08003768                USBH_FreePipe
 .text.USBH_GetFreePipe
                0x080037a8       0x50 Middlewares/ST/STM32_USB_Host_Library/Core/Src/usbh_pipes.o
 .text.USBH_HUB_InterfaceInit
                0x080037f8      0x200 Middlewares/ST/STM32_USB_Host_Library/Class/HUB/usbh_hub.o
 .text.USBH_HUB_InterfaceDeInit
                0x080039f8       0x68 Middlewares/ST/STM32_USB_Host_Library/Class/HUB/usbh_hub.o
 .text.USBH_HUB_ClassRequest
                0x08003a60       0xdc Middlewares/ST/STM32_USB_Host_Library/Class/HUB/usbh_hub.o
 .text.USBH_HUB_Process
                0x08003b3c      0x3e8 Middlewares/ST/STM32_USB_Host_Library/Class/HUB/usbh_hub.o
 .text.USBH_HUB_SOFProcess
                0x08003f24       0x40 Middlewares/ST/STM32_USB_Host_Library/Class/HUB/usbh_hub.o
 .text.get_hub_descriptor
                0x08003f64       0xac Middlewares/ST/STM32_USB_Host_Library/Class/HUB/usbh_hub.o
 .text.hub_request
                0x08004010       0x70 Middlewares/ST/STM32_USB_Host_Library/Class/HUB/usbh_hub.o
 .text.set_hub_port_power
                0x08004080       0x30 Middlewares/ST/STM32_USB_Host_Library/Class/HUB/usbh_hub.o
 .text.get_hub_request
                0x080040b0       0x3c Middlewares/ST/STM32_USB_Host_Library/Class/HUB/usbh_hub.o
 .text.set_hub_request
                0x080040ec       0x3c Middlewares/ST/STM32_USB_Host_Library/Class/HUB/usbh_hub.o
 .text.clear_port_feature
                0x08004128       0x28 Middlewares/ST/STM32_USB_Host_Library/Class/HUB/usbh_hub.o
 .text.set_port_feature
                0x08004150       0x28 Middlewares/ST/STM32_USB_Host_Library/Class/HUB/usbh_hub.o
 .text.clear_port_changed
                0x08004178       0x68 Middlewares/ST/STM32_USB_Host_Library/Class/HUB/usbh_hub.o
 .text.get_port_changed
                0x080041e0       0x68 Middlewares/ST/STM32_USB_Host_Library/Class/HUB/usbh_hub.o
 .text.port_changed
                0x08004248       0x94 Middlewares/ST/STM32_USB_Host_Library/Class/HUB/usbh_hub.o
 .text.detach   0x080042dc      0x100 Middlewares/ST/STM32_USB_Host_Library/Class/HUB/usbh_hub.o
 .text.attach   0x080043dc      0x184 Middlewares/ST/STM32_USB_Host_Library/Class/HUB/usbh_hub.o
 .text.debug_port
                0x08004560       0x14 Middlewares/ST/STM32_USB_Host_Library/Class/HUB/usbh_hub.o
 .text.create_endpoints
                0x08004574      0x1f4 Middlewares/ST/STM32_USB_Host_Library/Class/HID/Src/usbh_hid.o
 .text.create_handle
                0x08004768       0x70 Middlewares/ST/STM32_USB_Host_Library/Class/HID/Src/usbh_hid.o
 .text.USBH_HID_InterfaceInit
                0x080047d8      0x38c Middlewares/ST/STM32_USB_Host_Library/Class/HID/Src/usbh_hid.o
 .text.USBH_HID_InterfaceDeInit
                0x08004b64       0xe0 Middlewares/ST/STM32_USB_Host_Library/Class/HID/Src/usbh_hid.o
 .text.USBH_HID_ClassRequest
                0x08004c44       0xc4 Middlewares/ST/STM32_USB_Host_Library/Class/HID/Src/usbh_hid.o
 .text.USBH_HID_IncrementInterface
                0x08004d08       0x3c Middlewares/ST/STM32_USB_Host_Library/Class/HID/Src/usbh_hid.o
 .text.USBH_HID_Process
                0x08004d44      0x138 Middlewares/ST/STM32_USB_Host_Library/Class/HID/Src/usbh_hid.o
 .text.USBH_HID_SOFProcess
                0x08004e7c       0x50 Middlewares/ST/STM32_USB_Host_Library/Class/HID/Src/usbh_hid.o
 .text.USBH_HID_GetHIDReportDescriptor
                0x08004ecc       0x38 Middlewares/ST/STM32_USB_Host_Library/Class/HID/Src/usbh_hid.o
                0x08004ecc                USBH_HID_GetHIDReportDescriptor
 .text.USBH_HID_GetHIDDescriptor
                0x08004f04       0x38 Middlewares/ST/STM32_USB_Host_Library/Class/HID/Src/usbh_hid.o
                0x08004f04                USBH_HID_GetHIDDescriptor
 .text.hid_request
                0x08004f3c       0x54 Middlewares/ST/STM32_USB_Host_Library/Class/HID/Src/usbh_hid.o
 .text.USBH_HID_SetIdle
                0x08004f90       0x44 Middlewares/ST/STM32_USB_Host_Library/Class/HID/Src/usbh_hid.o
                0x08004f90                USBH_HID_SetIdle
 .text.USBH_HID_SetProtocol
                0x08004fd4       0x3c Middlewares/ST/STM32_USB_Host_Library/Class/HID/Src/usbh_hid.o
                0x08004fd4                USBH_HID_SetProtocol
 .text.USBH_HID_ParseHIDDesc
                0x08005010       0x74 Middlewares/ST/STM32_USB_Host_Library/Class/HID/Src/usbh_hid.o
 .text.USBH_HID_GetDeviceType
                0x08005084       0x6c Middlewares/ST/STM32_USB_Host_Library/Class/HID/Src/usbh_hid.o
                0x08005084                USBH_HID_GetDeviceType
 .text.fifo_init
                0x080050f0       0x38 Middlewares/ST/STM32_USB_Host_Library/Class/HID/Src/usbh_hid.o
                0x080050f0                fifo_init
 .text.fifo_read
                0x08005128       0x94 Middlewares/ST/STM32_USB_Host_Library/Class/HID/Src/usbh_hid.o
                0x08005128                fifo_read
 .text.fifo_write
                0x080051bc       0xa8 Middlewares/ST/STM32_USB_Host_Library/Class/HID/Src/usbh_hid.o
                0x080051bc                fifo_write
 .text.USBH_HID_EventCallback
                0x08005264       0x14 Middlewares/ST/STM32_USB_Host_Library/Class/HID/Src/usbh_hid.o
                0x08005264                USBH_HID_EventCallback
 .text.USBH_HID_Parameter
                0x08005278      0x100 Middlewares/ST/STM32_USB_Host_Library/Class/HID/Src/usbh_hid.o
 .text.USBH_HID_KeybdInit
                0x08005378       0xac Middlewares/ST/STM32_USB_Host_Library/Class/HID/Src/usbh_hid_keybd.o
                0x08005378                USBH_HID_KeybdInit
 .text.USBH_HID_GetKeybdInfo
                0x08005424       0x34 Middlewares/ST/STM32_USB_Host_Library/Class/HID/Src/usbh_hid_keybd.o
                0x08005424                USBH_HID_GetKeybdInfo
 .text.USBH_HID_KeybdDecode
                0x08005458      0x12c Middlewares/ST/STM32_USB_Host_Library/Class/HID/Src/usbh_hid_keybd.o
 .text.USBH_HID_MouseInit
                0x08005584       0x7c Middlewares/ST/STM32_USB_Host_Library/Class/HID/Src/usbh_hid_mouse.o
                0x08005584                USBH_HID_MouseInit
 .text.USBH_HID_GetMouseInfo
                0x08005600       0x34 Middlewares/ST/STM32_USB_Host_Library/Class/HID/Src/usbh_hid_mouse.o
                0x08005600                USBH_HID_GetMouseInfo
 .text.USBH_HID_MouseDecode
                0x08005634       0xc4 Middlewares/ST/STM32_USB_Host_Library/Class/HID/Src/usbh_hid_mouse.o
 .text.HID_ReadItem
                0x080056f8      0x138 Middlewares/ST/STM32_USB_Host_Library/Class/HID/Src/usbh_hid_parser.o
                0x080056f8                HID_ReadItem
 .text.HAL_Init
                0x08005830       0x38 HAL_Driver/Src/stm32f4xx_hal.o
                0x08005830                HAL_Init
 .text.HAL_MspInit
                0x08005868        0xc HAL_Driver/Src/stm32f4xx_hal.o
                0x08005868                HAL_MspInit
 .text.HAL_InitTick
                0x08005874       0x38 HAL_Driver/Src/stm32f4xx_hal.o
                0x08005874                HAL_InitTick
 .text.HAL_IncTick
                0x080058ac       0x1c HAL_Driver/Src/stm32f4xx_hal.o
                0x080058ac                HAL_IncTick
 .text.HAL_GetTick
                0x080058c8       0x18 HAL_Driver/Src/stm32f4xx_hal.o
                0x080058c8                HAL_GetTick
 .text.HAL_Delay
                0x080058e0       0x2c HAL_Driver/Src/stm32f4xx_hal.o
                0x080058e0                HAL_Delay
 .text.NVIC_SetPriorityGrouping
                0x0800590c       0x48 HAL_Driver/Src/stm32f4xx_hal_cortex.o
 .text.NVIC_GetPriorityGrouping
                0x08005954       0x1c HAL_Driver/Src/stm32f4xx_hal_cortex.o
 .text.NVIC_EnableIRQ
                0x08005970       0x30 HAL_Driver/Src/stm32f4xx_hal_cortex.o
 .text.NVIC_ClearPendingIRQ
                0x080059a0       0x34 HAL_Driver/Src/stm32f4xx_hal_cortex.o
 .text.NVIC_SetPriority
                0x080059d4       0x54 HAL_Driver/Src/stm32f4xx_hal_cortex.o
 .text.NVIC_EncodePriority
                0x08005a28       0x64 HAL_Driver/Src/stm32f4xx_hal_cortex.o
 .text.SysTick_Config
                0x08005a8c       0x44 HAL_Driver/Src/stm32f4xx_hal_cortex.o
 .text.HAL_NVIC_SetPriorityGrouping
                0x08005ad0       0x14 HAL_Driver/Src/stm32f4xx_hal_cortex.o
                0x08005ad0                HAL_NVIC_SetPriorityGrouping
 .text.HAL_NVIC_SetPriority
                0x08005ae4       0x38 HAL_Driver/Src/stm32f4xx_hal_cortex.o
                0x08005ae4                HAL_NVIC_SetPriority
 .text.HAL_NVIC_EnableIRQ
                0x08005b1c       0x1c HAL_Driver/Src/stm32f4xx_hal_cortex.o
                0x08005b1c                HAL_NVIC_EnableIRQ
 .text.HAL_SYSTICK_Config
                0x08005b38       0x18 HAL_Driver/Src/stm32f4xx_hal_cortex.o
                0x08005b38                HAL_SYSTICK_Config
 .text.HAL_NVIC_ClearPendingIRQ
                0x08005b50       0x1c HAL_Driver/Src/stm32f4xx_hal_cortex.o
                0x08005b50                HAL_NVIC_ClearPendingIRQ
 .text.HAL_SYSTICK_IRQHandler
                0x08005b6c        0xc HAL_Driver/Src/stm32f4xx_hal_cortex.o
                0x08005b6c                HAL_SYSTICK_IRQHandler
 .text.HAL_SYSTICK_Callback
                0x08005b78        0xc HAL_Driver/Src/stm32f4xx_hal_cortex.o
                0x08005b78                HAL_SYSTICK_Callback
 .text.HAL_GPIO_Init
                0x08005b84      0x33c HAL_Driver/Src/stm32f4xx_hal_gpio.o
                0x08005b84                HAL_GPIO_Init
 .text.HAL_GPIO_WritePin
                0x08005ec0       0x30 HAL_Driver/Src/stm32f4xx_hal_gpio.o
                0x08005ec0                HAL_GPIO_WritePin
 .text.HAL_GPIO_TogglePin
                0x08005ef0       0x24 HAL_Driver/Src/stm32f4xx_hal_gpio.o
                0x08005ef0                HAL_GPIO_TogglePin
 .text.HAL_HCD_Init
                0x08005f14       0x98 HAL_Driver/Src/stm32f4xx_hal_hcd.o
                0x08005f14                HAL_HCD_Init
 .text.HAL_HCD_HC_Init
                0x08005fac      0x10c HAL_Driver/Src/stm32f4xx_hal_hcd.o
                0x08005fac                HAL_HCD_HC_Init
 .text.HAL_HCD_HC_Halt
                0x080060b8       0x48 HAL_Driver/Src/stm32f4xx_hal_hcd.o
                0x080060b8                HAL_HCD_HC_Halt
 .text.HAL_HCD_HC_SubmitRequest
                0x08006100      0x324 HAL_Driver/Src/stm32f4xx_hal_hcd.o
                0x08006100                HAL_HCD_HC_SubmitRequest
 .text.HAL_HCD_IRQHandler
                0x08006424      0x1f4 HAL_Driver/Src/stm32f4xx_hal_hcd.o
                0x08006424                HAL_HCD_IRQHandler
 .text.HAL_HCD_Start
                0x08006618       0x48 HAL_Driver/Src/stm32f4xx_hal_hcd.o
                0x08006618                HAL_HCD_Start
 .text.HAL_HCD_Stop
                0x08006660       0x3c HAL_Driver/Src/stm32f4xx_hal_hcd.o
                0x08006660                HAL_HCD_Stop
 .text.HAL_HCD_StopHC
                0x0800669c       0x44 HAL_Driver/Src/stm32f4xx_hal_hcd.o
                0x0800669c                HAL_HCD_StopHC
 .text.HAL_HCD_ResetPort
                0x080066e0       0x1c HAL_Driver/Src/stm32f4xx_hal_hcd.o
                0x080066e0                HAL_HCD_ResetPort
 .text.HAL_HCD_HC_GetURBState
                0x080066fc       0x2c HAL_Driver/Src/stm32f4xx_hal_hcd.o
                0x080066fc                HAL_HCD_HC_GetURBState
 .text.HAL_HCD_GetCurrentFrame
                0x08006728       0x1c HAL_Driver/Src/stm32f4xx_hal_hcd.o
                0x08006728                HAL_HCD_GetCurrentFrame
 .text.HAL_HCD_GetCurrentSpeed
                0x08006744       0x1c HAL_Driver/Src/stm32f4xx_hal_hcd.o
                0x08006744                HAL_HCD_GetCurrentSpeed
 .text.HCD_HC_IN_IRQHandler
                0x08006760      0x6d0 HAL_Driver/Src/stm32f4xx_hal_hcd.o
 .text.HCD_HC_OUT_IRQHandler
                0x08006e30      0x678 HAL_Driver/Src/stm32f4xx_hal_hcd.o
 .text.HCD_RXQLVL_IRQHandler
                0x080074a8      0x164 HAL_Driver/Src/stm32f4xx_hal_hcd.o
 .text.HCD_Port_IRQHandler
                0x0800760c      0x128 HAL_Driver/Src/stm32f4xx_hal_hcd.o
 .text.HAL_RCC_OscConfig
                0x08007734      0x490 HAL_Driver/Src/stm32f4xx_hal_rcc.o
                0x08007734                HAL_RCC_OscConfig
 .text.HAL_RCC_ClockConfig
                0x08007bc4      0x31c HAL_Driver/Src/stm32f4xx_hal_rcc.o
                0x08007bc4                HAL_RCC_ClockConfig
 .text.HAL_RCC_GetSysClockFreq
                0x08007ee0       0xfc HAL_Driver/Src/stm32f4xx_hal_rcc.o
                0x08007ee0                HAL_RCC_GetSysClockFreq
 .text.HAL_RCC_GetHCLKFreq
                0x08007fdc       0x50 HAL_Driver/Src/stm32f4xx_hal_rcc.o
                0x08007fdc                HAL_RCC_GetHCLKFreq
 .text.HAL_RCC_GetPCLK1Freq
                0x0800802c       0x44 HAL_Driver/Src/stm32f4xx_hal_rcc.o
                0x0800802c                HAL_RCC_GetPCLK1Freq
 .text.HAL_RCC_GetPCLK2Freq
                0x08008070       0x44 HAL_Driver/Src/stm32f4xx_hal_rcc.o
                0x08008070                HAL_RCC_GetPCLK2Freq
 .text.HAL_UART_Init
                0x080080b4       0x94 HAL_Driver/Src/stm32f4xx_hal_uart.o
                0x080080b4                HAL_UART_Init
 .text.HAL_UART_MspInit
                0x08008148       0x14 HAL_Driver/Src/stm32f4xx_hal_uart.o
                0x08008148                HAL_UART_MspInit
 .text.HAL_UART_Transmit
                0x0800815c      0x150 HAL_Driver/Src/stm32f4xx_hal_uart.o
                0x0800815c                HAL_UART_Transmit
 .text.UART_WaitOnFlagUntilTimeout
                0x080082ac      0x134 HAL_Driver/Src/stm32f4xx_hal_uart.o
 .text.UART_SetConfig
                0x080083e0      0x2d4 HAL_Driver/Src/stm32f4xx_hal_uart.o
 .text.USB_CoreInit
                0x080086b4       0xa4 HAL_Driver/Src/stm32f4xx_ll_usb.o
                0x080086b4                USB_CoreInit
 .text.USB_EnableGlobalInt
                0x08008758       0x24 HAL_Driver/Src/stm32f4xx_ll_usb.o
                0x08008758                USB_EnableGlobalInt
 .text.USB_DisableGlobalInt
                0x0800877c       0x24 HAL_Driver/Src/stm32f4xx_ll_usb.o
                0x0800877c                USB_DisableGlobalInt
 .text.USB_SetCurrentMode
                0x080087a0       0x50 HAL_Driver/Src/stm32f4xx_ll_usb.o
                0x080087a0                USB_SetCurrentMode
 .text.USB_FlushTxFifo
                0x080087f0       0x4c HAL_Driver/Src/stm32f4xx_ll_usb.o
                0x080087f0                USB_FlushTxFifo
 .text.USB_FlushRxFifo
                0x0800883c       0x44 HAL_Driver/Src/stm32f4xx_ll_usb.o
                0x0800883c                USB_FlushRxFifo
 .text.USB_WritePacket
                0x08008880       0x70 HAL_Driver/Src/stm32f4xx_ll_usb.o
                0x08008880                USB_WritePacket
 .text.USB_ReadPacket
                0x080088f0       0x54 HAL_Driver/Src/stm32f4xx_ll_usb.o
                0x080088f0                USB_ReadPacket
 .text.USB_ReadInterrupts
                0x08008944       0x2c HAL_Driver/Src/stm32f4xx_ll_usb.o
                0x08008944                USB_ReadInterrupts
 .text.USB_GetMode
                0x08008970       0x1c HAL_Driver/Src/stm32f4xx_ll_usb.o
                0x08008970                USB_GetMode
 .text.USB_CoreReset
                0x0800898c       0x68 HAL_Driver/Src/stm32f4xx_ll_usb.o
 .text.USB_HostInit
                0x080089f4      0x158 HAL_Driver/Src/stm32f4xx_ll_usb.o
                0x080089f4                USB_HostInit
 .text.USB_InitFSLSPClkSel
                0x08008b4c       0x74 HAL_Driver/Src/stm32f4xx_ll_usb.o
                0x08008b4c                USB_InitFSLSPClkSel
 .text.USB_ResetPort
                0x08008bc0       0x4c HAL_Driver/Src/stm32f4xx_ll_usb.o
                0x08008bc0                USB_ResetPort
 .text.USB_DriveVbus
                0x08008c0c       0x6c HAL_Driver/Src/stm32f4xx_ll_usb.o
                0x08008c0c                USB_DriveVbus
 .text.USB_GetHostSpeed
                0x08008c78       0x28 HAL_Driver/Src/stm32f4xx_ll_usb.o
                0x08008c78                USB_GetHostSpeed
 .text.USB_GetCurrentFrame
                0x08008ca0       0x20 HAL_Driver/Src/stm32f4xx_ll_usb.o
                0x08008ca0                USB_GetCurrentFrame
 .text.USB_HC_Init
                0x08008cc0      0x1f8 HAL_Driver/Src/stm32f4xx_ll_usb.o
                0x08008cc0                USB_HC_Init
 .text.USB_HC_StartXfer
                0x08008eb8      0x37c HAL_Driver/Src/stm32f4xx_ll_usb.o
                0x08008eb8                USB_HC_StartXfer
 .text.USB_HC_ReadInterrupt
                0x08009234       0x20 HAL_Driver/Src/stm32f4xx_ll_usb.o
                0x08009234                USB_HC_ReadInterrupt
 .text.USB_HC_Halt
                0x08009254      0x200 HAL_Driver/Src/stm32f4xx_ll_usb.o
                0x08009254                USB_HC_Halt
 .text.USB_DoPing
                0x08009454       0x78 HAL_Driver/Src/stm32f4xx_ll_usb.o
                0x08009454                USB_DoPing
 .text.USB_StopHost
                0x080094cc      0x100 HAL_Driver/Src/stm32f4xx_ll_usb.o
                0x080094cc                USB_StopHost
 .text.USB_StopHostChannel
                0x080095cc       0xbc HAL_Driver/Src/stm32f4xx_ll_usb.o
                0x080095cc                USB_StopHostChannel
 .text.__errno  0x08009688        0xc d:/ac6/systemworkbench/plugins/fr.ac6.mcu.externaltools.arm-none.win32_1.3.0.201507241045/tools/compiler/bin/../lib/gcc/arm-none-eabi/4.9.3/../../../../arm-none-eabi/lib/armv7e-m/fpu\libc.a(lib_a-errno.o)
                0x08009688                __errno
 .text.__libc_init_array
                0x08009694       0x50 d:/ac6/systemworkbench/plugins/fr.ac6.mcu.externaltools.arm-none.win32_1.3.0.201507241045/tools/compiler/bin/../lib/gcc/arm-none-eabi/4.9.3/../../../../arm-none-eabi/lib/armv7e-m/fpu\libc.a(lib_a-init.o)
                0x08009694                __libc_init_array
 .text.malloc   0x080096e4       0x10 d:/ac6/systemworkbench/plugins/fr.ac6.mcu.externaltools.arm-none.win32_1.3.0.201507241045/tools/compiler/bin/../lib/gcc/arm-none-eabi/4.9.3/../../../../arm-none-eabi/lib/armv7e-m/fpu\libc.a(lib_a-malloc.o)
                0x080096e4                malloc
 .text.free     0x080096f4       0x10 d:/ac6/systemworkbench/plugins/fr.ac6.mcu.externaltools.arm-none.win32_1.3.0.201507241045/tools/compiler/bin/../lib/gcc/arm-none-eabi/4.9.3/../../../../arm-none-eabi/lib/armv7e-m/fpu\libc.a(lib_a-malloc.o)
                0x080096f4                free
 .text._malloc_r
                0x08009704      0x524 d:/ac6/systemworkbench/plugins/fr.ac6.mcu.externaltools.arm-none.win32_1.3.0.201507241045/tools/compiler/bin/../lib/gcc/arm-none-eabi/4.9.3/../../../../arm-none-eabi/lib/armv7e-m/fpu\libc.a(lib_a-mallocr.o)
                0x08009704                _malloc_r
 .text.memset   0x08009c28       0x9c d:/ac6/systemworkbench/plugins/fr.ac6.mcu.externaltools.arm-none.win32_1.3.0.201507241045/tools/compiler/bin/../lib/gcc/arm-none-eabi/4.9.3/../../../../arm-none-eabi/lib/armv7e-m/fpu\libc.a(lib_a-memset.o)
                0x08009c28                memset
 .text.__malloc_lock
                0x08009cc4        0x4 d:/ac6/systemworkbench/plugins/fr.ac6.mcu.externaltools.arm-none.win32_1.3.0.201507241045/tools/compiler/bin/../lib/gcc/arm-none-eabi/4.9.3/../../../../arm-none-eabi/lib/armv7e-m/fpu\libc.a(lib_a-mlock.o)
                0x08009cc4                __malloc_lock
 .text.__malloc_unlock
                0x08009cc8        0x4 d:/ac6/systemworkbench/plugins/fr.ac6.mcu.externaltools.arm-none.win32_1.3.0.201507241045/tools/compiler/bin/../lib/gcc/arm-none-eabi/4.9.3/../../../../arm-none-eabi/lib/armv7e-m/fpu\libc.a(lib_a-mlock.o)
                0x08009cc8                __malloc_unlock
 .text._sbrk_r  0x08009ccc       0x24 d:/ac6/systemworkbench/plugins/fr.ac6.mcu.externaltools.arm-none.win32_1.3.0.201507241045/tools/compiler/bin/../lib/gcc/arm-none-eabi/4.9.3/../../../../arm-none-eabi/lib/armv7e-m/fpu\libc.a(lib_a-sbrkr.o)
                0x08009ccc                _sbrk_r
 .text.strlen   0x08009cf0       0x5c d:/ac6/systemworkbench/plugins/fr.ac6.mcu.externaltools.arm-none.win32_1.3.0.201507241045/tools/compiler/bin/../lib/gcc/arm-none-eabi/4.9.3/../../../../arm-none-eabi/lib/armv7e-m/fpu\libc.a(lib_a-strlen.o)
                0x08009cf0                strlen
 .text._vsprintf_r
                0x08009d4c       0x34 d:/ac6/systemworkbench/plugins/fr.ac6.mcu.externaltools.arm-none.win32_1.3.0.201507241045/tools/compiler/bin/../lib/gcc/arm-none-eabi/4.9.3/../../../../arm-none-eabi/lib/armv7e-m/fpu\libc.a(lib_a-vsprintf.o)
                0x08009d4c                _vsprintf_r
 .text.vsprintf
                0x08009d80       0x18 d:/ac6/systemworkbench/plugins/fr.ac6.mcu.externaltools.arm-none.win32_1.3.0.201507241045/tools/compiler/bin/../lib/gcc/arm-none-eabi/4.9.3/../../../../arm-none-eabi/lib/armv7e-m/fpu\libc.a(lib_a-vsprintf.o)
                0x08009d80                vsprintf
 .text.startup.register_fini
                0x08009d98       0x14 d:/ac6/systemworkbench/plugins/fr.ac6.mcu.externaltools.arm-none.win32_1.3.0.201507241045/tools/compiler/bin/../lib/gcc/arm-none-eabi/4.9.3/../../../../arm-none-eabi/lib/armv7e-m/fpu\libc.a(lib_a-__call_atexit.o)
 .text.atexit   0x08009dac        0xc d:/ac6/systemworkbench/plugins/fr.ac6.mcu.externaltools.arm-none.win32_1.3.0.201507241045/tools/compiler/bin/../lib/gcc/arm-none-eabi/4.9.3/../../../../arm-none-eabi/lib/armv7e-m/fpu\libc.a(lib_a-atexit.o)
                0x08009dac                atexit
 .text.__libc_fini_array
                0x08009db8       0x2c d:/ac6/systemworkbench/plugins/fr.ac6.mcu.externaltools.arm-none.win32_1.3.0.201507241045/tools/compiler/bin/../lib/gcc/arm-none-eabi/4.9.3/../../../../arm-none-eabi/lib/armv7e-m/fpu\libc.a(lib_a-fini.o)
                0x08009db8                __libc_fini_array
 .text._malloc_trim_r
                0x08009de4       0x9c d:/ac6/systemworkbench/plugins/fr.ac6.mcu.externaltools.arm-none.win32_1.3.0.201507241045/tools/compiler/bin/../lib/gcc/arm-none-eabi/4.9.3/../../../../arm-none-eabi/lib/armv7e-m/fpu\libc.a(lib_a-freer.o)
                0x08009de4                _malloc_trim_r
 .text._free_r  0x08009e80      0x1b0 d:/ac6/systemworkbench/plugins/fr.ac6.mcu.externaltools.arm-none.win32_1.3.0.201507241045/tools/compiler/bin/../lib/gcc/arm-none-eabi/4.9.3/../../../../arm-none-eabi/lib/armv7e-m/fpu\libc.a(lib_a-freer.o)
                0x08009e80                _free_r
 .text._svfprintf_r
                0x0800a030     0x14d0 d:/ac6/systemworkbench/plugins/fr.ac6.mcu.externaltools.arm-none.win32_1.3.0.201507241045/tools/compiler/bin/../lib/gcc/arm-none-eabi/4.9.3/../../../../arm-none-eabi/lib/armv7e-m/fpu\libc.a(lib_a-svfprintf.o)
                0x0800a030                _svfprintf_r
 .text.__register_exitproc
                0x0800b500       0xa4 d:/ac6/systemworkbench/plugins/fr.ac6.mcu.externaltools.arm-none.win32_1.3.0.201507241045/tools/compiler/bin/../lib/gcc/arm-none-eabi/4.9.3/../../../../arm-none-eabi/lib/armv7e-m/fpu\libc.a(lib_a-__atexit.o)
                0x0800b500                __register_exitproc
 .text.quorem   0x0800b5a4      0x12c d:/ac6/systemworkbench/plugins/fr.ac6.mcu.externaltools.arm-none.win32_1.3.0.201507241045/tools/compiler/bin/../lib/gcc/arm-none-eabi/4.9.3/../../../../arm-none-eabi/lib/armv7e-m/fpu\libc.a(lib_a-dtoa.o)
 .text._dtoa_r  0x0800b6d0      0xea8 d:/ac6/systemworkbench/plugins/fr.ac6.mcu.externaltools.arm-none.win32_1.3.0.201507241045/tools/compiler/bin/../lib/gcc/arm-none-eabi/4.9.3/../../../../arm-none-eabi/lib/armv7e-m/fpu\libc.a(lib_a-dtoa.o)
                0x0800b6d0                _dtoa_r
 .text._localeconv_r
                0x0800c578        0x8 d:/ac6/systemworkbench/plugins/fr.ac6.mcu.externaltools.arm-none.win32_1.3.0.201507241045/tools/compiler/bin/../lib/gcc/arm-none-eabi/4.9.3/../../../../arm-none-eabi/lib/armv7e-m/fpu\libc.a(lib_a-locale.o)
                0x0800c578                _localeconv_r
 .text.memchr   0x0800c580       0x94 d:/ac6/systemworkbench/plugins/fr.ac6.mcu.externaltools.arm-none.win32_1.3.0.201507241045/tools/compiler/bin/../lib/gcc/arm-none-eabi/4.9.3/../../../../arm-none-eabi/lib/armv7e-m/fpu\libc.a(lib_a-memchr.o)
                0x0800c580                memchr
 .text._Balloc  0x0800c614       0x4c d:/ac6/systemworkbench/plugins/fr.ac6.mcu.externaltools.arm-none.win32_1.3.0.201507241045/tools/compiler/bin/../lib/gcc/arm-none-eabi/4.9.3/../../../../arm-none-eabi/lib/armv7e-m/fpu\libc.a(lib_a-mprec.o)
                0x0800c614                _Balloc
 .text._Bfree   0x0800c660       0x14 d:/ac6/systemworkbench/plugins/fr.ac6.mcu.externaltools.arm-none.win32_1.3.0.201507241045/tools/compiler/bin/../lib/gcc/arm-none-eabi/4.9.3/../../../../arm-none-eabi/lib/armv7e-m/fpu\libc.a(lib_a-mprec.o)
                0x0800c660                _Bfree
 .text.__multadd
                0x0800c674       0x84 d:/ac6/systemworkbench/plugins/fr.ac6.mcu.externaltools.arm-none.win32_1.3.0.201507241045/tools/compiler/bin/../lib/gcc/arm-none-eabi/4.9.3/../../../../arm-none-eabi/lib/armv7e-m/fpu\libc.a(lib_a-mprec.o)
                0x0800c674                __multadd
 .text.__hi0bits
                0x0800c6f8       0x40 d:/ac6/systemworkbench/plugins/fr.ac6.mcu.externaltools.arm-none.win32_1.3.0.201507241045/tools/compiler/bin/../lib/gcc/arm-none-eabi/4.9.3/../../../../arm-none-eabi/lib/armv7e-m/fpu\libc.a(lib_a-mprec.o)
                0x0800c6f8                __hi0bits
 .text.__lo0bits
                0x0800c738       0x5c d:/ac6/systemworkbench/plugins/fr.ac6.mcu.externaltools.arm-none.win32_1.3.0.201507241045/tools/compiler/bin/../lib/gcc/arm-none-eabi/4.9.3/../../../../arm-none-eabi/lib/armv7e-m/fpu\libc.a(lib_a-mprec.o)
                0x0800c738                __lo0bits
 .text.__i2b    0x0800c794       0x14 d:/ac6/systemworkbench/plugins/fr.ac6.mcu.externaltools.arm-none.win32_1.3.0.201507241045/tools/compiler/bin/../lib/gcc/arm-none-eabi/4.9.3/../../../../arm-none-eabi/lib/armv7e-m/fpu\libc.a(lib_a-mprec.o)
                0x0800c794                __i2b
 .text.__multiply
                0x0800c7a8      0x134 d:/ac6/systemworkbench/plugins/fr.ac6.mcu.externaltools.arm-none.win32_1.3.0.201507241045/tools/compiler/bin/../lib/gcc/arm-none-eabi/4.9.3/../../../../arm-none-eabi/lib/armv7e-m/fpu\libc.a(lib_a-mprec.o)
                0x0800c7a8                __multiply
 .text.__pow5mult
                0x0800c8dc       0xa0 d:/ac6/systemworkbench/plugins/fr.ac6.mcu.externaltools.arm-none.win32_1.3.0.201507241045/tools/compiler/bin/../lib/gcc/arm-none-eabi/4.9.3/../../../../arm-none-eabi/lib/armv7e-m/fpu\libc.a(lib_a-mprec.o)
                0x0800c8dc                __pow5mult
 .text.__lshift
                0x0800c97c       0xac d:/ac6/systemworkbench/plugins/fr.ac6.mcu.externaltools.arm-none.win32_1.3.0.201507241045/tools/compiler/bin/../lib/gcc/arm-none-eabi/4.9.3/../../../../arm-none-eabi/lib/armv7e-m/fpu\libc.a(lib_a-mprec.o)
                0x0800c97c                __lshift
 .text.__mcmp   0x0800ca28       0x48 d:/ac6/systemworkbench/plugins/fr.ac6.mcu.externaltools.arm-none.win32_1.3.0.201507241045/tools/compiler/bin/../lib/gcc/arm-none-eabi/4.9.3/../../../../arm-none-eabi/lib/armv7e-m/fpu\libc.a(lib_a-mprec.o)
                0x0800ca28                __mcmp
 .text.__mdiff  0x0800ca70       0xd4 d:/ac6/systemworkbench/plugins/fr.ac6.mcu.externaltools.arm-none.win32_1.3.0.201507241045/tools/compiler/bin/../lib/gcc/arm-none-eabi/4.9.3/../../../../arm-none-eabi/lib/armv7e-m/fpu\libc.a(lib_a-mprec.o)
                0x0800ca70                __mdiff
 .text.__d2b    0x0800cb44       0xbc d:/ac6/systemworkbench/plugins/fr.ac6.mcu.externaltools.arm-none.win32_1.3.0.201507241045/tools/compiler/bin/../lib/gcc/arm-none-eabi/4.9.3/../../../../arm-none-eabi/lib/armv7e-m/fpu\libc.a(lib_a-mprec.o)
                0x0800cb44                __d2b
 .text.__fpclassifyd
                0x0800cc00       0x5c d:/ac6/systemworkbench/plugins/fr.ac6.mcu.externaltools.arm-none.win32_1.3.0.201507241045/tools/compiler/bin/../lib/gcc/arm-none-eabi/4.9.3/../../../../arm-none-eabi/lib/armv7e-m/fpu\libc.a(lib_a-s_fpclassify.o)
                0x0800cc00                __fpclassifyd
 .text.__ssprint_r
                0x0800cc5c      0x104 d:/ac6/systemworkbench/plugins/fr.ac6.mcu.externaltools.arm-none.win32_1.3.0.201507241045/tools/compiler/bin/../lib/gcc/arm-none-eabi/4.9.3/../../../../arm-none-eabi/lib/armv7e-m/fpu\libc.a(lib_a-svfiprintf.o)
                0x0800cc5c                __ssprint_r
 .text._calloc_r
                0x0800cd60       0x60 d:/ac6/systemworkbench/plugins/fr.ac6.mcu.externaltools.arm-none.win32_1.3.0.201507241045/tools/compiler/bin/../lib/gcc/arm-none-eabi/4.9.3/../../../../arm-none-eabi/lib/armv7e-m/fpu\libc.a(lib_a-callocr.o)
                0x0800cd60                _calloc_r
 .text.memmove  0x0800cdc0       0xc8 d:/ac6/systemworkbench/plugins/fr.ac6.mcu.externaltools.arm-none.win32_1.3.0.201507241045/tools/compiler/bin/../lib/gcc/arm-none-eabi/4.9.3/../../../../arm-none-eabi/lib/armv7e-m/fpu\libc.a(lib_a-memmove.o)
                0x0800cdc0                memmove
 .text._realloc_r
                0x0800ce88      0x3ec d:/ac6/systemworkbench/plugins/fr.ac6.mcu.externaltools.arm-none.win32_1.3.0.201507241045/tools/compiler/bin/../lib/gcc/arm-none-eabi/4.9.3/../../../../arm-none-eabi/lib/armv7e-m/fpu\libc.a(lib_a-reallocr.o)
                0x0800ce88                _realloc_r
 *(.rodata)
 .rodata        0x0800d274        0xc src/log.o
 .rodata        0x0800d280       0x3c src/main.o
 .rodata        0x0800d2bc       0x34 src/usbh_conf.o
 .rodata        0x0800d2f0        0x8 Utilities/STM32F4-Discovery/stm32f4_discovery.o
                0x0800d2f0                GPIO_PIN
 .rodata        0x0800d2f8      0x2bc Middlewares/ST/STM32_USB_Host_Library/Core/Src/usbh_core.o
 .rodata        0x0800d5b4       0xd8 Middlewares/ST/STM32_USB_Host_Library/Core/Src/usbh_ctlreq.o
 .rodata        0x0800d68c       0x30 Middlewares/ST/STM32_USB_Host_Library/Core/Src/usbh_pipes.o
 .rodata        0x0800d6bc      0x118 Middlewares/ST/STM32_USB_Host_Library/Class/HUB/usbh_hub.o
 .rodata        0x0800d7d4      0x140 Middlewares/ST/STM32_USB_Host_Library/Class/HID/Src/usbh_hid.o
 .rodata        0x0800d914      0x310 Middlewares/ST/STM32_USB_Host_Library/Class/HID/Src/usbh_hid_keybd.o
 .rodata        0x0800dc24       0xa0 Middlewares/ST/STM32_USB_Host_Library/Class/HID/Src/usbh_hid_mouse.o
 .rodata        0x0800dcc4       0x10 HAL_Driver/Src/stm32f4xx_hal_rcc.o
                0x0800dcc4                APBAHBPrescTable
 *(.rodata*)
 .rodata.str1.4
                0x0800dcd4        0x2 d:/ac6/systemworkbench/plugins/fr.ac6.mcu.externaltools.arm-none.win32_1.3.0.201507241045/tools/compiler/bin/../lib/gcc/arm-none-eabi/4.9.3/../../../../arm-none-eabi/lib/armv7e-m/fpu\libc.a(lib_a-impure.o)
                                  0x4 (size before relaxing)
 *fill*         0x0800dcd6        0x2 
 .rodata._global_impure_ptr
                0x0800dcd8        0x4 d:/ac6/systemworkbench/plugins/fr.ac6.mcu.externaltools.arm-none.win32_1.3.0.201507241045/tools/compiler/bin/../lib/gcc/arm-none-eabi/4.9.3/../../../../arm-none-eabi/lib/armv7e-m/fpu\libc.a(lib_a-impure.o)
                0x0800dcd8                _global_impure_ptr
 .rodata.zeroes.6916
                0x0800dcdc       0x10 d:/ac6/systemworkbench/plugins/fr.ac6.mcu.externaltools.arm-none.win32_1.3.0.201507241045/tools/compiler/bin/../lib/gcc/arm-none-eabi/4.9.3/../../../../arm-none-eabi/lib/armv7e-m/fpu\libc.a(lib_a-svfprintf.o)
 .rodata.str1.4
                0x0800dcec       0x42 d:/ac6/systemworkbench/plugins/fr.ac6.mcu.externaltools.arm-none.win32_1.3.0.201507241045/tools/compiler/bin/../lib/gcc/arm-none-eabi/4.9.3/../../../../arm-none-eabi/lib/armv7e-m/fpu\libc.a(lib_a-svfprintf.o)
                                 0x44 (size before relaxing)
 *fill*         0x0800dd2e        0x2 
 .rodata.blanks.6915
                0x0800dd30       0x10 d:/ac6/systemworkbench/plugins/fr.ac6.mcu.externaltools.arm-none.win32_1.3.0.201507241045/tools/compiler/bin/../lib/gcc/arm-none-eabi/4.9.3/../../../../arm-none-eabi/lib/armv7e-m/fpu\libc.a(lib_a-svfprintf.o)
 .rodata.str1.4
                0x0800dd40       0x10 d:/ac6/systemworkbench/plugins/fr.ac6.mcu.externaltools.arm-none.win32_1.3.0.201507241045/tools/compiler/bin/../lib/gcc/arm-none-eabi/4.9.3/../../../../arm-none-eabi/lib/armv7e-m/fpu\libc.a(lib_a-dtoa.o)
                                 0x14 (size before relaxing)
 .rodata.str1.4
                0x0800dd50        0xc d:/ac6/systemworkbench/plugins/fr.ac6.mcu.externaltools.arm-none.win32_1.3.0.201507241045/tools/compiler/bin/../lib/gcc/arm-none-eabi/4.9.3/../../../../arm-none-eabi/lib/armv7e-m/fpu\libc.a(lib_a-locale.o)
                                 0x14 (size before relaxing)
 .rodata.p05.5296
                0x0800dd5c        0xc d:/ac6/systemworkbench/plugins/fr.ac6.mcu.externaltools.arm-none.win32_1.3.0.201507241045/tools/compiler/bin/../lib/gcc/arm-none-eabi/4.9.3/../../../../arm-none-eabi/lib/armv7e-m/fpu\libc.a(lib_a-mprec.o)
 .rodata.__mprec_tens
                0x0800dd68       0xc8 d:/ac6/systemworkbench/plugins/fr.ac6.mcu.externaltools.arm-none.win32_1.3.0.201507241045/tools/compiler/bin/../lib/gcc/arm-none-eabi/4.9.3/../../../../arm-none-eabi/lib/armv7e-m/fpu\libc.a(lib_a-mprec.o)
                0x0800dd68                __mprec_tens
 .rodata.__mprec_bigtens
                0x0800de30       0x28 d:/ac6/systemworkbench/plugins/fr.ac6.mcu.externaltools.arm-none.win32_1.3.0.201507241045/tools/compiler/bin/../lib/gcc/arm-none-eabi/4.9.3/../../../../arm-none-eabi/lib/armv7e-m/fpu\libc.a(lib_a-mprec.o)
                0x0800de30                __mprec_bigtens
 *(.glue_7)
 .glue_7        0x00000000        0x0 linker stubs
 *(.glue_7t)
 .glue_7t       0x00000000        0x0 linker stubs
 *(.eh_frame)
 .eh_frame      0x0800de58        0x0 d:/ac6/systemworkbench/plugins/fr.ac6.mcu.externaltools.arm-none.win32_1.3.0.201507241045/tools/compiler/bin/../lib/gcc/arm-none-eabi/4.9.3/armv7e-m/fpu/crtbegin.o
 *(.init)
 .init          0x0800de58        0x4 d:/ac6/systemworkbench/plugins/fr.ac6.mcu.externaltools.arm-none.win32_1.3.0.201507241045/tools/compiler/bin/../lib/gcc/arm-none-eabi/4.9.3/armv7e-m/fpu/crti.o
                0x0800de58                _init
 .init          0x0800de5c        0x8 d:/ac6/systemworkbench/plugins/fr.ac6.mcu.externaltools.arm-none.win32_1.3.0.201507241045/tools/compiler/bin/../lib/gcc/arm-none-eabi/4.9.3/armv7e-m/fpu/crtn.o
 *(.fini)
 .fini          0x0800de64        0x4 d:/ac6/systemworkbench/plugins/fr.ac6.mcu.externaltools.arm-none.win32_1.3.0.201507241045/tools/compiler/bin/../lib/gcc/arm-none-eabi/4.9.3/armv7e-m/fpu/crti.o
                0x0800de64                _fini
 .fini          0x0800de68        0x8 d:/ac6/systemworkbench/plugins/fr.ac6.mcu.externaltools.arm-none.win32_1.3.0.201507241045/tools/compiler/bin/../lib/gcc/arm-none-eabi/4.9.3/armv7e-m/fpu/crtn.o
                0x0800de70                . = ALIGN (0x4)
                0x0800de70                _etext = .

.vfp11_veneer   0x0800de70        0x0
 .vfp11_veneer  0x00000000        0x0 linker stubs

.v4_bx          0x0800de70        0x0
 .v4_bx         0x00000000        0x0 linker stubs

.iplt           0x0800de70        0x0
 .iplt          0x00000000        0x0 d:/ac6/systemworkbench/plugins/fr.ac6.mcu.externaltools.arm-none.win32_1.3.0.201507241045/tools/compiler/bin/../lib/gcc/arm-none-eabi/4.9.3/armv7e-m/fpu/crtbegin.o

.ARM.extab
 *(.ARM.extab* .gnu.linkonce.armextab.*)

.ARM            0x0800de70        0x8
                0x0800de70                __exidx_start = .
 *(.ARM.exidx*)
 .ARM.exidx     0x0800de70        0x8 d:/ac6/systemworkbench/plugins/fr.ac6.mcu.externaltools.arm-none.win32_1.3.0.201507241045/tools/compiler/bin/../lib/gcc/arm-none-eabi/4.9.3/armv7e-m/fpu\libgcc.a(_divdi3.o)
 .ARM.exidx     0x0800de78        0x0 d:/ac6/systemworkbench/plugins/fr.ac6.mcu.externaltools.arm-none.win32_1.3.0.201507241045/tools/compiler/bin/../lib/gcc/arm-none-eabi/4.9.3/armv7e-m/fpu\libgcc.a(_udivdi3.o)
                                  0x8 (size before relaxing)
                0x0800de78                __exidx_end = .

.rel.dyn        0x0800de78        0x0
 .rel.iplt      0x00000000        0x0 d:/ac6/systemworkbench/plugins/fr.ac6.mcu.externaltools.arm-none.win32_1.3.0.201507241045/tools/compiler/bin/../lib/gcc/arm-none-eabi/4.9.3/armv7e-m/fpu/crtbegin.o

.preinit_array  0x0800de78        0x0
                0x0800de78                PROVIDE (__preinit_array_start, .)
 *(.preinit_array*)
                0x0800de78                PROVIDE (__preinit_array_end, .)

.init_array     0x0800de78        0x8
                0x0800de78                PROVIDE (__init_array_start, .)
 *(SORT(.init_array.*))
 .init_array.00000
                0x0800de78        0x4 d:/ac6/systemworkbench/plugins/fr.ac6.mcu.externaltools.arm-none.win32_1.3.0.201507241045/tools/compiler/bin/../lib/gcc/arm-none-eabi/4.9.3/../../../../arm-none-eabi/lib/armv7e-m/fpu\libc.a(lib_a-__call_atexit.o)
 *(.init_array*)
 .init_array    0x0800de7c        0x4 d:/ac6/systemworkbench/plugins/fr.ac6.mcu.externaltools.arm-none.win32_1.3.0.201507241045/tools/compiler/bin/../lib/gcc/arm-none-eabi/4.9.3/armv7e-m/fpu/crtbegin.o
                0x0800de80                PROVIDE (__init_array_end, .)

.fini_array     0x0800de80        0x4
                0x0800de80                PROVIDE (__fini_array_start, .)
 *(.fini_array*)
 .fini_array    0x0800de80        0x4 d:/ac6/systemworkbench/plugins/fr.ac6.mcu.externaltools.arm-none.win32_1.3.0.201507241045/tools/compiler/bin/../lib/gcc/arm-none-eabi/4.9.3/armv7e-m/fpu/crtbegin.o
 *(SORT(.fini_array.*))
                0x0800de84                PROVIDE (__fini_array_end, .)
                0x0800de84                _sidata = .

.data           0x20000000      0x8e4 load address 0x0800de84
                0x20000000                . = ALIGN (0x4)
                0x20000000                _sdata = .
 *(.data)
 .data          0x20000000        0x1 src/main.o
 *fill*         0x20000001        0x3 
 .data          0x20000004       0x14 src/system_stm32f4xx.o
                0x20000004                SystemCoreClock
                0x20000008                AHBPrescTable
 .data          0x20000018       0x10 Utilities/STM32F4-Discovery/stm32f4_discovery.o
                0x20000018                GPIO_PORT
 .data          0x20000028       0x24 Middlewares/ST/STM32_USB_Host_Library/Class/HUB/usbh_hub.o
                0x20000028                HUB_Class
 .data          0x2000004c       0x20 Middlewares/ST/STM32_USB_Host_Library/Class/HID/Src/usbh_hid.o
                0x2000004c                HID_Class
 *(.data*)
 *fill*         0x2000006c        0x4 
 .data.impure_data
                0x20000070      0x428 d:/ac6/systemworkbench/plugins/fr.ac6.mcu.externaltools.arm-none.win32_1.3.0.201507241045/tools/compiler/bin/../lib/gcc/arm-none-eabi/4.9.3/../../../../arm-none-eabi/lib/armv7e-m/fpu\libc.a(lib_a-impure.o)
 .data._impure_ptr
                0x20000498        0x4 d:/ac6/systemworkbench/plugins/fr.ac6.mcu.externaltools.arm-none.win32_1.3.0.201507241045/tools/compiler/bin/../lib/gcc/arm-none-eabi/4.9.3/../../../../arm-none-eabi/lib/armv7e-m/fpu\libc.a(lib_a-impure.o)
                0x20000498                _impure_ptr
 .data.__malloc_av_
                0x2000049c      0x408 d:/ac6/systemworkbench/plugins/fr.ac6.mcu.externaltools.arm-none.win32_1.3.0.201507241045/tools/compiler/bin/../lib/gcc/arm-none-eabi/4.9.3/../../../../arm-none-eabi/lib/armv7e-m/fpu\libc.a(lib_a-mallocr.o)
                0x2000049c                __malloc_av_
 .data.__malloc_trim_threshold
                0x200008a4        0x4 d:/ac6/systemworkbench/plugins/fr.ac6.mcu.externaltools.arm-none.win32_1.3.0.201507241045/tools/compiler/bin/../lib/gcc/arm-none-eabi/4.9.3/../../../../arm-none-eabi/lib/armv7e-m/fpu\libc.a(lib_a-mallocr.o)
                0x200008a4                __malloc_trim_threshold
 .data.__malloc_sbrk_base
                0x200008a8        0x4 d:/ac6/systemworkbench/plugins/fr.ac6.mcu.externaltools.arm-none.win32_1.3.0.201507241045/tools/compiler/bin/../lib/gcc/arm-none-eabi/4.9.3/../../../../arm-none-eabi/lib/armv7e-m/fpu\libc.a(lib_a-mallocr.o)
                0x200008a8                __malloc_sbrk_base
 .data.lconv    0x200008ac       0x38 d:/ac6/systemworkbench/plugins/fr.ac6.mcu.externaltools.arm-none.win32_1.3.0.201507241045/tools/compiler/bin/../lib/gcc/arm-none-eabi/4.9.3/../../../../arm-none-eabi/lib/armv7e-m/fpu\libc.a(lib_a-locale.o)
                0x200008e4                . = ALIGN (0x4)
                0x200008e4                _edata = .

.jcr            0x200008e4        0x0 load address 0x0800e768
 .jcr           0x200008e4        0x0 d:/ac6/systemworkbench/plugins/fr.ac6.mcu.externaltools.arm-none.win32_1.3.0.201507241045/tools/compiler/bin/../lib/gcc/arm-none-eabi/4.9.3/armv7e-m/fpu/crtbegin.o

.igot.plt       0x200008e4        0x0 load address 0x0800e768
 .igot.plt      0x00000000        0x0 d:/ac6/systemworkbench/plugins/fr.ac6.mcu.externaltools.arm-none.win32_1.3.0.201507241045/tools/compiler/bin/../lib/gcc/arm-none-eabi/4.9.3/armv7e-m/fpu/crtbegin.o
                0x200008e4                . = ALIGN (0x4)

.bss            0x200008e4     0x14c4 load address 0x0800e768
                0x200008e4                _sbss = .
                0x200008e4                __bss_start__ = _sbss
 *(.bss)
 .bss           0x200008e4       0x1c d:/ac6/systemworkbench/plugins/fr.ac6.mcu.externaltools.arm-none.win32_1.3.0.201507241045/tools/compiler/bin/../lib/gcc/arm-none-eabi/4.9.3/armv7e-m/fpu/crtbegin.o
 .bss           0x20000900       0x40 src/log.o
 .bss           0x20000940        0x4 src/main.o
 .bss           0x20000944        0x8 src/syscalls.o
                0x20000944                __env
 .bss           0x2000094c       0x10 Middlewares/ST/STM32_USB_Host_Library/Class/HUB/usbh_hub.o
 .bss           0x2000095c       0x20 Middlewares/ST/STM32_USB_Host_Library/Class/HID/Src/usbh_hid.o
 .bss           0x2000097c       0x10 Middlewares/ST/STM32_USB_Host_Library/Class/HID/Src/usbh_hid_keybd.o
 .bss           0x2000098c        0x8 Middlewares/ST/STM32_USB_Host_Library/Class/HID/Src/usbh_hid_mouse.o
 .bss           0x20000994        0x4 HAL_Driver/Src/stm32f4xx_hal.o
 *(.bss*)
 .bss.__malloc_max_total_mem
                0x20000998        0x4 d:/ac6/systemworkbench/plugins/fr.ac6.mcu.externaltools.arm-none.win32_1.3.0.201507241045/tools/compiler/bin/../lib/gcc/arm-none-eabi/4.9.3/../../../../arm-none-eabi/lib/armv7e-m/fpu\libc.a(lib_a-mallocr.o)
                0x20000998                __malloc_max_total_mem
 .bss.__malloc_max_sbrked_mem
                0x2000099c        0x4 d:/ac6/systemworkbench/plugins/fr.ac6.mcu.externaltools.arm-none.win32_1.3.0.201507241045/tools/compiler/bin/../lib/gcc/arm-none-eabi/4.9.3/../../../../arm-none-eabi/lib/armv7e-m/fpu\libc.a(lib_a-mallocr.o)
                0x2000099c                __malloc_max_sbrked_mem
 .bss.__malloc_top_pad
                0x200009a0        0x4 d:/ac6/systemworkbench/plugins/fr.ac6.mcu.externaltools.arm-none.win32_1.3.0.201507241045/tools/compiler/bin/../lib/gcc/arm-none-eabi/4.9.3/../../../../arm-none-eabi/lib/armv7e-m/fpu\libc.a(lib_a-mallocr.o)
                0x200009a0                __malloc_top_pad
 .bss.__malloc_current_mallinfo
                0x200009a4       0x28 d:/ac6/systemworkbench/plugins/fr.ac6.mcu.externaltools.arm-none.win32_1.3.0.201507241045/tools/compiler/bin/../lib/gcc/arm-none-eabi/4.9.3/../../../../arm-none-eabi/lib/armv7e-m/fpu\libc.a(lib_a-mallocr.o)
                0x200009a4                __malloc_current_mallinfo
 *(COMMON)
 COMMON         0x200009cc      0xe9c src/main.o
                0x200009cc                hUSBHost
 COMMON         0x20001868      0x530 src/usbh_conf.o
                0x20001868                _hHCD
 COMMON         0x20001d98        0x8 Middlewares/ST/STM32_USB_Host_Library/Class/HID/Src/usbh_hid_keybd.o
                0x20001d98                keybd_report_data
 COMMON         0x20001da0        0x4 Middlewares/ST/STM32_USB_Host_Library/Class/HID/Src/usbh_hid_mouse.o
                0x20001da0                mouse_report_data
 COMMON         0x20001da4        0x4 d:/ac6/systemworkbench/plugins/fr.ac6.mcu.externaltools.arm-none.win32_1.3.0.201507241045/tools/compiler/bin/../lib/gcc/arm-none-eabi/4.9.3/../../../../arm-none-eabi/lib/armv7e-m/fpu\libc.a(lib_a-reent.o)
                0x20001da4                errno
                0x20001da8                . = ALIGN (0x4)
                0x20001da8                _ebss = .
                0x20001da8                __bss_end__ = _ebss

._user_heap_stack
                0x20001da8      0x400 load address 0x0800fc2c
                0x20001da8                . = ALIGN (0x8)
                0x20001da8                PROVIDE (end, .)
                0x20001da8                PROVIDE (_end, .)
                0x20001da8                . = (. + _Min_Heap_Size)
                0x200021a8                . = (. + _Min_Stack_Size)
 *fill*         0x20001da8      0x400 
                0x200021a8                . = ALIGN (0x8)

.memory_b1_text
 *(.mb1text)
 *(.mb1text*)
 *(.mb1rodata)
 *(.mb1rodata*)

/DISCARD/
 libc.a(*)
 libm.a(*)
 libgcc.a(*)

.ARM.attributes
                0x00000000       0x30
 *(.ARM.attributes)
 .ARM.attributes
                0x00000000       0x22 d:/ac6/systemworkbench/plugins/fr.ac6.mcu.externaltools.arm-none.win32_1.3.0.201507241045/tools/compiler/bin/../lib/gcc/arm-none-eabi/4.9.3/armv7e-m/fpu/crti.o
 .ARM.attributes
                0x00000022       0x34 d:/ac6/systemworkbench/plugins/fr.ac6.mcu.externaltools.arm-none.win32_1.3.0.201507241045/tools/compiler/bin/../lib/gcc/arm-none-eabi/4.9.3/armv7e-m/fpu/crtbegin.o
 .ARM.attributes
                0x00000056       0x21 startup/startup_stm32f407xx.o
 .ARM.attributes
                0x00000077       0x39 src/log.o
 .ARM.attributes
                0x000000b0       0x39 src/main.o
 .ARM.attributes
                0x000000e9       0x39 src/stm32f4xx_it.o
 .ARM.attributes
                0x00000122       0x39 src/syscalls.o
 .ARM.attributes
                0x0000015b       0x39 src/system_stm32f4xx.o
 .ARM.attributes
                0x00000194       0x39 src/usbh_conf.o
 .ARM.attributes
                0x000001cd       0x39 Utilities/STM32F4-Discovery/stm32f4_discovery.o
 .ARM.attributes
                0x00000206       0x39 Middlewares/ST/STM32_USB_Host_Library/Core/Src/usbh_core.o
 .ARM.attributes
                0x0000023f       0x39 Middlewares/ST/STM32_USB_Host_Library/Core/Src/usbh_ctlreq.o
 .ARM.attributes
                0x00000278       0x39 Middlewares/ST/STM32_USB_Host_Library/Core/Src/usbh_ioreq.o
 .ARM.attributes
                0x000002b1       0x39 Middlewares/ST/STM32_USB_Host_Library/Core/Src/usbh_pipes.o
 .ARM.attributes
                0x000002ea       0x39 Middlewares/ST/STM32_USB_Host_Library/Class/HUB/usbh_hub.o
 .ARM.attributes
                0x00000323       0x39 Middlewares/ST/STM32_USB_Host_Library/Class/HID/Src/usbh_hid.o
 .ARM.attributes
                0x0000035c       0x39 Middlewares/ST/STM32_USB_Host_Library/Class/HID/Src/usbh_hid_keybd.o
 .ARM.attributes
                0x00000395       0x39 Middlewares/ST/STM32_USB_Host_Library/Class/HID/Src/usbh_hid_mouse.o
 .ARM.attributes
                0x000003ce       0x39 Middlewares/ST/STM32_USB_Host_Library/Class/HID/Src/usbh_hid_parser.o
 .ARM.attributes
                0x00000407       0x39 HAL_Driver/Src/stm32f4xx_hal.o
 .ARM.attributes
                0x00000440       0x39 HAL_Driver/Src/stm32f4xx_hal_cortex.o
 .ARM.attributes
                0x00000479       0x39 HAL_Driver/Src/stm32f4xx_hal_gpio.o
 .ARM.attributes
                0x000004b2       0x39 HAL_Driver/Src/stm32f4xx_hal_hcd.o
 .ARM.attributes
                0x000004eb       0x39 HAL_Driver/Src/stm32f4xx_hal_rcc.o
 .ARM.attributes
                0x00000524       0x39 HAL_Driver/Src/stm32f4xx_hal_uart.o
 .ARM.attributes
                0x0000055d       0x39 HAL_Driver/Src/stm32f4xx_ll_usb.o
 .ARM.attributes
                0x00000596       0x34 d:/ac6/systemworkbench/plugins/fr.ac6.mcu.externaltools.arm-none.win32_1.3.0.201507241045/tools/compiler/bin/../lib/gcc/arm-none-eabi/4.9.3/../../../../arm-none-eabi/lib/armv7e-m/fpu\libc.a(lib_a-errno.o)
 .ARM.attributes
                0x000005ca       0x34 d:/ac6/systemworkbench/plugins/fr.ac6.mcu.externaltools.arm-none.win32_1.3.0.201507241045/tools/compiler/bin/../lib/gcc/arm-none-eabi/4.9.3/../../../../arm-none-eabi/lib/armv7e-m/fpu\libc.a(lib_a-impure.o)
 .ARM.attributes
                0x000005fe       0x34 d:/ac6/systemworkbench/plugins/fr.ac6.mcu.externaltools.arm-none.win32_1.3.0.201507241045/tools/compiler/bin/../lib/gcc/arm-none-eabi/4.9.3/../../../../arm-none-eabi/lib/armv7e-m/fpu\libc.a(lib_a-init.o)
 .ARM.attributes
                0x00000632       0x34 d:/ac6/systemworkbench/plugins/fr.ac6.mcu.externaltools.arm-none.win32_1.3.0.201507241045/tools/compiler/bin/../lib/gcc/arm-none-eabi/4.9.3/../../../../arm-none-eabi/lib/armv7e-m/fpu\libc.a(lib_a-malloc.o)
 .ARM.attributes
                0x00000666       0x34 d:/ac6/systemworkbench/plugins/fr.ac6.mcu.externaltools.arm-none.win32_1.3.0.201507241045/tools/compiler/bin/../lib/gcc/arm-none-eabi/4.9.3/../../../../arm-none-eabi/lib/armv7e-m/fpu\libc.a(lib_a-mallocr.o)
 .ARM.attributes
                0x0000069a       0x20 d:/ac6/systemworkbench/plugins/fr.ac6.mcu.externaltools.arm-none.win32_1.3.0.201507241045/tools/compiler/bin/../lib/gcc/arm-none-eabi/4.9.3/../../../../arm-none-eabi/lib/armv7e-m/fpu\libc.a(lib_a-memcpy.o)
 .ARM.attributes
                0x000006ba       0x34 d:/ac6/systemworkbench/plugins/fr.ac6.mcu.externaltools.arm-none.win32_1.3.0.201507241045/tools/compiler/bin/../lib/gcc/arm-none-eabi/4.9.3/../../../../arm-none-eabi/lib/armv7e-m/fpu\libc.a(lib_a-memset.o)
 .ARM.attributes
                0x000006ee       0x34 d:/ac6/systemworkbench/plugins/fr.ac6.mcu.externaltools.arm-none.win32_1.3.0.201507241045/tools/compiler/bin/../lib/gcc/arm-none-eabi/4.9.3/../../../../arm-none-eabi/lib/armv7e-m/fpu\libc.a(lib_a-mlock.o)
 .ARM.attributes
                0x00000722       0x34 d:/ac6/systemworkbench/plugins/fr.ac6.mcu.externaltools.arm-none.win32_1.3.0.201507241045/tools/compiler/bin/../lib/gcc/arm-none-eabi/4.9.3/../../../../arm-none-eabi/lib/armv7e-m/fpu\libc.a(lib_a-sbrkr.o)
 .ARM.attributes
                0x00000756       0x34 d:/ac6/systemworkbench/plugins/fr.ac6.mcu.externaltools.arm-none.win32_1.3.0.201507241045/tools/compiler/bin/../lib/gcc/arm-none-eabi/4.9.3/../../../../arm-none-eabi/lib/armv7e-m/fpu\libc.a(lib_a-strlen.o)
 .ARM.attributes
                0x0000078a       0x34 d:/ac6/systemworkbench/plugins/fr.ac6.mcu.externaltools.arm-none.win32_1.3.0.201507241045/tools/compiler/bin/../lib/gcc/arm-none-eabi/4.9.3/../../../../arm-none-eabi/lib/armv7e-m/fpu\libc.a(lib_a-vsprintf.o)
 .ARM.attributes
                0x000007be       0x34 d:/ac6/systemworkbench/plugins/fr.ac6.mcu.externaltools.arm-none.win32_1.3.0.201507241045/tools/compiler/bin/../lib/gcc/arm-none-eabi/4.9.3/../../../../arm-none-eabi/lib/armv7e-m/fpu\libc.a(lib_a-__call_atexit.o)
 .ARM.attributes
                0x000007f2       0x34 d:/ac6/systemworkbench/plugins/fr.ac6.mcu.externaltools.arm-none.win32_1.3.0.201507241045/tools/compiler/bin/../lib/gcc/arm-none-eabi/4.9.3/../../../../arm-none-eabi/lib/armv7e-m/fpu\libc.a(lib_a-atexit.o)
 .ARM.attributes
                0x00000826       0x34 d:/ac6/systemworkbench/plugins/fr.ac6.mcu.externaltools.arm-none.win32_1.3.0.201507241045/tools/compiler/bin/../lib/gcc/arm-none-eabi/4.9.3/../../../../arm-none-eabi/lib/armv7e-m/fpu\libc.a(lib_a-fini.o)
 .ARM.attributes
                0x0000085a       0x34 d:/ac6/systemworkbench/plugins/fr.ac6.mcu.externaltools.arm-none.win32_1.3.0.201507241045/tools/compiler/bin/../lib/gcc/arm-none-eabi/4.9.3/../../../../arm-none-eabi/lib/armv7e-m/fpu\libc.a(lib_a-freer.o)
 .ARM.attributes
                0x0000088e       0x34 d:/ac6/systemworkbench/plugins/fr.ac6.mcu.externaltools.arm-none.win32_1.3.0.201507241045/tools/compiler/bin/../lib/gcc/arm-none-eabi/4.9.3/../../../../arm-none-eabi/lib/armv7e-m/fpu\libc.a(lib_a-reent.o)
 .ARM.attributes
                0x000008c2       0x34 d:/ac6/systemworkbench/plugins/fr.ac6.mcu.externaltools.arm-none.win32_1.3.0.201507241045/tools/compiler/bin/../lib/gcc/arm-none-eabi/4.9.3/../../../../arm-none-eabi/lib/armv7e-m/fpu\libc.a(lib_a-svfprintf.o)
 .ARM.attributes
                0x000008f6       0x34 d:/ac6/systemworkbench/plugins/fr.ac6.mcu.externaltools.arm-none.win32_1.3.0.201507241045/tools/compiler/bin/../lib/gcc/arm-none-eabi/4.9.3/../../../../arm-none-eabi/lib/armv7e-m/fpu\libc.a(lib_a-__atexit.o)
 .ARM.attributes
                0x0000092a       0x34 d:/ac6/systemworkbench/plugins/fr.ac6.mcu.externaltools.arm-none.win32_1.3.0.201507241045/tools/compiler/bin/../lib/gcc/arm-none-eabi/4.9.3/../../../../arm-none-eabi/lib/armv7e-m/fpu\libc.a(lib_a-dtoa.o)
 .ARM.attributes
                0x0000095e       0x34 d:/ac6/systemworkbench/plugins/fr.ac6.mcu.externaltools.arm-none.win32_1.3.0.201507241045/tools/compiler/bin/../lib/gcc/arm-none-eabi/4.9.3/../../../../arm-none-eabi/lib/armv7e-m/fpu\libc.a(lib_a-locale.o)
 .ARM.attributes
                0x00000992       0x34 d:/ac6/systemworkbench/plugins/fr.ac6.mcu.externaltools.arm-none.win32_1.3.0.201507241045/tools/compiler/bin/../lib/gcc/arm-none-eabi/4.9.3/../../../../arm-none-eabi/lib/armv7e-m/fpu\libc.a(lib_a-memchr.o)
 .ARM.attributes
                0x000009c6       0x34 d:/ac6/systemworkbench/plugins/fr.ac6.mcu.externaltools.arm-none.win32_1.3.0.201507241045/tools/compiler/bin/../lib/gcc/arm-none-eabi/4.9.3/../../../../arm-none-eabi/lib/armv7e-m/fpu\libc.a(lib_a-mprec.o)
 .ARM.attributes
                0x000009fa       0x34 d:/ac6/systemworkbench/plugins/fr.ac6.mcu.externaltools.arm-none.win32_1.3.0.201507241045/tools/compiler/bin/../lib/gcc/arm-none-eabi/4.9.3/../../../../arm-none-eabi/lib/armv7e-m/fpu\libc.a(lib_a-s_fpclassify.o)
 .ARM.attributes
                0x00000a2e       0x34 d:/ac6/systemworkbench/plugins/fr.ac6.mcu.externaltools.arm-none.win32_1.3.0.201507241045/tools/compiler/bin/../lib/gcc/arm-none-eabi/4.9.3/../../../../arm-none-eabi/lib/armv7e-m/fpu\libc.a(lib_a-svfiprintf.o)
 .ARM.attributes
                0x00000a62       0x34 d:/ac6/systemworkbench/plugins/fr.ac6.mcu.externaltools.arm-none.win32_1.3.0.201507241045/tools/compiler/bin/../lib/gcc/arm-none-eabi/4.9.3/../../../../arm-none-eabi/lib/armv7e-m/fpu\libc.a(lib_a-callocr.o)
 .ARM.attributes
                0x00000a96       0x34 d:/ac6/systemworkbench/plugins/fr.ac6.mcu.externaltools.arm-none.win32_1.3.0.201507241045/tools/compiler/bin/../lib/gcc/arm-none-eabi/4.9.3/../../../../arm-none-eabi/lib/armv7e-m/fpu\libc.a(lib_a-memmove.o)
 .ARM.attributes
                0x00000aca       0x34 d:/ac6/systemworkbench/plugins/fr.ac6.mcu.externaltools.arm-none.win32_1.3.0.201507241045/tools/compiler/bin/../lib/gcc/arm-none-eabi/4.9.3/../../../../arm-none-eabi/lib/armv7e-m/fpu\libc.a(lib_a-reallocr.o)
 .ARM.attributes
                0x00000afe       0x22 d:/ac6/systemworkbench/plugins/fr.ac6.mcu.externaltools.arm-none.win32_1.3.0.201507241045/tools/compiler/bin/../lib/gcc/arm-none-eabi/4.9.3/armv7e-m/fpu\libgcc.a(_arm_addsubdf3.o)
 .ARM.attributes
                0x00000b20       0x22 d:/ac6/systemworkbench/plugins/fr.ac6.mcu.externaltools.arm-none.win32_1.3.0.201507241045/tools/compiler/bin/../lib/gcc/arm-none-eabi/4.9.3/armv7e-m/fpu\libgcc.a(_arm_muldivdf3.o)
 .ARM.attributes
                0x00000b42       0x22 d:/ac6/systemworkbench/plugins/fr.ac6.mcu.externaltools.arm-none.win32_1.3.0.201507241045/tools/compiler/bin/../lib/gcc/arm-none-eabi/4.9.3/armv7e-m/fpu\libgcc.a(_arm_cmpdf2.o)
 .ARM.attributes
                0x00000b64       0x22 d:/ac6/systemworkbench/plugins/fr.ac6.mcu.externaltools.arm-none.win32_1.3.0.201507241045/tools/compiler/bin/../lib/gcc/arm-none-eabi/4.9.3/armv7e-m/fpu\libgcc.a(_arm_fixdfsi.o)
 .ARM.attributes
                0x00000b86       0x22 d:/ac6/systemworkbench/plugins/fr.ac6.mcu.externaltools.arm-none.win32_1.3.0.201507241045/tools/compiler/bin/../lib/gcc/arm-none-eabi/4.9.3/armv7e-m/fpu\libgcc.a(_aeabi_uldivmod.o)
 .ARM.attributes
                0x00000ba8       0x34 d:/ac6/systemworkbench/plugins/fr.ac6.mcu.externaltools.arm-none.win32_1.3.0.201507241045/tools/compiler/bin/../lib/gcc/arm-none-eabi/4.9.3/armv7e-m/fpu\libgcc.a(bpabi.o)
 .ARM.attributes
                0x00000bdc       0x22 d:/ac6/systemworkbench/plugins/fr.ac6.mcu.externaltools.arm-none.win32_1.3.0.201507241045/tools/compiler/bin/../lib/gcc/arm-none-eabi/4.9.3/armv7e-m/fpu\libgcc.a(_dvmd_tls.o)
 .ARM.attributes
                0x00000bfe       0x34 d:/ac6/systemworkbench/plugins/fr.ac6.mcu.externaltools.arm-none.win32_1.3.0.201507241045/tools/compiler/bin/../lib/gcc/arm-none-eabi/4.9.3/armv7e-m/fpu\libgcc.a(_divdi3.o)
 .ARM.attributes
                0x00000c32       0x34 d:/ac6/systemworkbench/plugins/fr.ac6.mcu.externaltools.arm-none.win32_1.3.0.201507241045/tools/compiler/bin/../lib/gcc/arm-none-eabi/4.9.3/armv7e-m/fpu\libgcc.a(_udivdi3.o)
 .ARM.attributes
                0x00000c66       0x22 d:/ac6/systemworkbench/plugins/fr.ac6.mcu.externaltools.arm-none.win32_1.3.0.201507241045/tools/compiler/bin/../lib/gcc/arm-none-eabi/4.9.3/armv7e-m/fpu/crtn.o
OUTPUT(Project.elf elf32-littlearm)

.debug_line     0x00000000     0xdcbf
 .debug_line    0x00000000       0x7f startup/startup_stm32f407xx.o
 .debug_line    0x0000007f      0x790 src/log.o
 .debug_line    0x0000080f      0x9e4 src/main.o
 .debug_line    0x000011f3      0x77f src/stm32f4xx_it.o
 .debug_line    0x00001972      0x526 src/syscalls.o
 .debug_line    0x00001e98      0x6f8 src/system_stm32f4xx.o
 .debug_line    0x00002590      0xa5c src/usbh_conf.o
 .debug_line    0x00002fec      0x77a Utilities/STM32F4-Discovery/stm32f4_discovery.o
 .debug_line    0x00003766      0xb36 Middlewares/ST/STM32_USB_Host_Library/Core/Src/usbh_core.o
 .debug_line    0x0000429c      0xa72 Middlewares/ST/STM32_USB_Host_Library/Core/Src/usbh_ctlreq.o
 .debug_line    0x00004d0e      0x8ba Middlewares/ST/STM32_USB_Host_Library/Core/Src/usbh_ioreq.o
 .debug_line    0x000055c8      0x896 Middlewares/ST/STM32_USB_Host_Library/Core/Src/usbh_pipes.o
 .debug_line    0x00005e5e      0xc1b Middlewares/ST/STM32_USB_Host_Library/Class/HUB/usbh_hub.o
 .debug_line    0x00006a79      0xc1f Middlewares/ST/STM32_USB_Host_Library/Class/HID/Src/usbh_hid.o
 .debug_line    0x00007698      0x955 Middlewares/ST/STM32_USB_Host_Library/Class/HID/Src/usbh_hid_keybd.o
 .debug_line    0x00007fed      0x913 Middlewares/ST/STM32_USB_Host_Library/Class/HID/Src/usbh_hid_mouse.o
 .debug_line    0x00008900      0x92f Middlewares/ST/STM32_USB_Host_Library/Class/HID/Src/usbh_hid_parser.o
 .debug_line    0x0000922f      0x871 HAL_Driver/Src/stm32f4xx_hal.o
 .debug_line    0x00009aa0      0x99f HAL_Driver/Src/stm32f4xx_hal_cortex.o
 .debug_line    0x0000a43f      0x8c0 HAL_Driver/Src/stm32f4xx_hal_gpio.o
 .debug_line    0x0000acff      0xae8 HAL_Driver/Src/stm32f4xx_hal_hcd.o
 .debug_line    0x0000b7e7      0xa01 HAL_Driver/Src/stm32f4xx_hal_rcc.o
 .debug_line    0x0000c1e8      0xd64 HAL_Driver/Src/stm32f4xx_hal_uart.o
 .debug_line    0x0000cf4c      0xd73 HAL_Driver/Src/stm32f4xx_ll_usb.o

.debug_info     0x00000000    0x125aa
 .debug_info    0x00000000       0x71 startup/startup_stm32f407xx.o
 .debug_info    0x00000071      0x6eb src/log.o
 .debug_info    0x0000075c     0x100d src/main.o
 .debug_info    0x00001769      0x7c1 src/stm32f4xx_it.o
 .debug_info    0x00001f2a      0x660 src/syscalls.o
 .debug_info    0x0000258a      0x4a9 src/system_stm32f4xx.o
 .debug_info    0x00002a33     0x1901 src/usbh_conf.o
 .debug_info    0x00004334      0x583 Utilities/STM32F4-Discovery/stm32f4_discovery.o
 .debug_info    0x000048b7     0x12e2 Middlewares/ST/STM32_USB_Host_Library/Core/Src/usbh_core.o
 .debug_info    0x00005b99      0xf42 Middlewares/ST/STM32_USB_Host_Library/Core/Src/usbh_ctlreq.o
 .debug_info    0x00006adb      0xc63 Middlewares/ST/STM32_USB_Host_Library/Core/Src/usbh_ioreq.o
 .debug_info    0x0000773e      0xaee Middlewares/ST/STM32_USB_Host_Library/Core/Src/usbh_pipes.o
 .debug_info    0x0000822c     0x17fd Middlewares/ST/STM32_USB_Host_Library/Class/HUB/usbh_hub.o
 .debug_info    0x00009a29     0x1472 Middlewares/ST/STM32_USB_Host_Library/Class/HID/Src/usbh_hid.o
 .debug_info    0x0000ae9b      0xf34 Middlewares/ST/STM32_USB_Host_Library/Class/HID/Src/usbh_hid_keybd.o
 .debug_info    0x0000bdcf      0xde1 Middlewares/ST/STM32_USB_Host_Library/Class/HID/Src/usbh_hid_mouse.o
 .debug_info    0x0000cbb0      0x280 Middlewares/ST/STM32_USB_Host_Library/Class/HID/Src/usbh_hid_parser.o
 .debug_info    0x0000ce30      0x847 HAL_Driver/Src/stm32f4xx_hal.o
 .debug_info    0x0000d677      0xd0d HAL_Driver/Src/stm32f4xx_hal_cortex.o
 .debug_info    0x0000e384      0x6fc HAL_Driver/Src/stm32f4xx_hal_gpio.o
 .debug_info    0x0000ea80      0xceb HAL_Driver/Src/stm32f4xx_hal_hcd.o
 .debug_info    0x0000f76b      0xb15 HAL_Driver/Src/stm32f4xx_hal_rcc.o
 .debug_info    0x00010280      0xeeb HAL_Driver/Src/stm32f4xx_hal_uart.o
 .debug_info    0x0001116b     0x143f HAL_Driver/Src/stm32f4xx_ll_usb.o

.debug_abbrev   0x00000000     0x307d
 .debug_abbrev  0x00000000       0x12 startup/startup_stm32f407xx.o
 .debug_abbrev  0x00000012      0x193 src/log.o
 .debug_abbrev  0x000001a5      0x289 src/main.o
 .debug_abbrev  0x0000042e      0x141 src/stm32f4xx_it.o
 .debug_abbrev  0x0000056f      0x174 src/syscalls.o
 .debug_abbrev  0x000006e3      0x104 src/system_stm32f4xx.o
 .debug_abbrev  0x000007e7      0x303 src/usbh_conf.o
 .debug_abbrev  0x00000aea      0x162 Utilities/STM32F4-Discovery/stm32f4_discovery.o
 .debug_abbrev  0x00000c4c      0x331 Middlewares/ST/STM32_USB_Host_Library/Core/Src/usbh_core.o
 .debug_abbrev  0x00000f7d      0x284 Middlewares/ST/STM32_USB_Host_Library/Core/Src/usbh_ctlreq.o
 .debug_abbrev  0x00001201      0x1e2 Middlewares/ST/STM32_USB_Host_Library/Core/Src/usbh_ioreq.o
 .debug_abbrev  0x000013e3      0x21a Middlewares/ST/STM32_USB_Host_Library/Core/Src/usbh_pipes.o
 .debug_abbrev  0x000015fd      0x32b Middlewares/ST/STM32_USB_Host_Library/Class/HUB/usbh_hub.o
 .debug_abbrev  0x00001928      0x2db Middlewares/ST/STM32_USB_Host_Library/Class/HID/Src/usbh_hid.o
 .debug_abbrev  0x00001c03      0x245 Middlewares/ST/STM32_USB_Host_Library/Class/HID/Src/usbh_hid_keybd.o
 .debug_abbrev  0x00001e48      0x21a Middlewares/ST/STM32_USB_Host_Library/Class/HID/Src/usbh_hid_mouse.o
 .debug_abbrev  0x00002062       0xd8 Middlewares/ST/STM32_USB_Host_Library/Class/HID/Src/usbh_hid_parser.o
 .debug_abbrev  0x0000213a      0x1f1 HAL_Driver/Src/stm32f4xx_hal.o
 .debug_abbrev  0x0000232b      0x2c1 HAL_Driver/Src/stm32f4xx_hal_cortex.o
 .debug_abbrev  0x000025ec      0x1ad HAL_Driver/Src/stm32f4xx_hal_gpio.o
 .debug_abbrev  0x00002799      0x21f HAL_Driver/Src/stm32f4xx_hal_hcd.o
 .debug_abbrev  0x000029b8      0x297 HAL_Driver/Src/stm32f4xx_hal_rcc.o
 .debug_abbrev  0x00002c4f      0x218 HAL_Driver/Src/stm32f4xx_hal_uart.o
 .debug_abbrev  0x00002e67      0x216 HAL_Driver/Src/stm32f4xx_ll_usb.o

.debug_aranges  0x00000000      0xd28
 .debug_aranges
                0x00000000       0x28 startup/startup_stm32f407xx.o
 .debug_aranges
                0x00000028       0x48 src/log.o
 .debug_aranges
                0x00000070       0x38 src/main.o
 .debug_aranges
                0x000000a8       0x30 src/stm32f4xx_it.o
 .debug_aranges
                0x000000d8       0xb0 src/syscalls.o
 .debug_aranges
                0x00000188       0x28 src/system_stm32f4xx.o
 .debug_aranges
                0x000001b0       0xd0 src/usbh_conf.o
 .debug_aranges
                0x00000280       0x40 Utilities/STM32F4-Discovery/stm32f4_discovery.o
 .debug_aranges
                0x000002c0       0xb0 Middlewares/ST/STM32_USB_Host_Library/Core/Src/usbh_core.o
 .debug_aranges
                0x00000370       0xa0 Middlewares/ST/STM32_USB_Host_Library/Core/Src/usbh_ctlreq.o
 .debug_aranges
                0x00000410       0x60 Middlewares/ST/STM32_USB_Host_Library/Core/Src/usbh_ioreq.o
 .debug_aranges
                0x00000470       0x48 Middlewares/ST/STM32_USB_Host_Library/Core/Src/usbh_pipes.o
 .debug_aranges
                0x000004b8       0xa8 Middlewares/ST/STM32_USB_Host_Library/Class/HUB/usbh_hub.o
 .debug_aranges
                0x00000560       0xd0 Middlewares/ST/STM32_USB_Host_Library/Class/HID/Src/usbh_hid.o
 .debug_aranges
                0x00000630       0x38 Middlewares/ST/STM32_USB_Host_Library/Class/HID/Src/usbh_hid_keybd.o
 .debug_aranges
                0x00000668       0x30 Middlewares/ST/STM32_USB_Host_Library/Class/HID/Src/usbh_hid_mouse.o
 .debug_aranges
                0x00000698       0x28 Middlewares/ST/STM32_USB_Host_Library/Class/HID/Src/usbh_hid_parser.o
 .debug_aranges
                0x000006c0       0xc0 HAL_Driver/Src/stm32f4xx_hal.o
 .debug_aranges
                0x00000780      0x108 HAL_Driver/Src/stm32f4xx_hal_cortex.o
 .debug_aranges
                0x00000888       0x58 HAL_Driver/Src/stm32f4xx_hal_gpio.o
 .debug_aranges
                0x000008e0       0xe8 HAL_Driver/Src/stm32f4xx_hal_hcd.o
 .debug_aranges
                0x000009c8       0x88 HAL_Driver/Src/stm32f4xx_hal_rcc.o
 .debug_aranges
                0x00000a50      0x150 HAL_Driver/Src/stm32f4xx_hal_uart.o
 .debug_aranges
                0x00000ba0      0x188 HAL_Driver/Src/stm32f4xx_ll_usb.o

.debug_ranges   0x00000000      0xbc8
 .debug_ranges  0x00000000       0x20 startup/startup_stm32f407xx.o
 .debug_ranges  0x00000020       0x38 src/log.o
 .debug_ranges  0x00000058       0x28 src/main.o
 .debug_ranges  0x00000080       0x20 src/stm32f4xx_it.o
 .debug_ranges  0x000000a0       0xa0 src/syscalls.o
 .debug_ranges  0x00000140       0x18 src/system_stm32f4xx.o
 .debug_ranges  0x00000158       0xc0 src/usbh_conf.o
 .debug_ranges  0x00000218       0x30 Utilities/STM32F4-Discovery/stm32f4_discovery.o
 .debug_ranges  0x00000248       0xb8 Middlewares/ST/STM32_USB_Host_Library/Core/Src/usbh_core.o
 .debug_ranges  0x00000300       0x90 Middlewares/ST/STM32_USB_Host_Library/Core/Src/usbh_ctlreq.o
 .debug_ranges  0x00000390       0x50 Middlewares/ST/STM32_USB_Host_Library/Core/Src/usbh_ioreq.o
 .debug_ranges  0x000003e0       0x38 Middlewares/ST/STM32_USB_Host_Library/Core/Src/usbh_pipes.o
 .debug_ranges  0x00000418       0x98 Middlewares/ST/STM32_USB_Host_Library/Class/HUB/usbh_hub.o
 .debug_ranges  0x000004b0       0xc0 Middlewares/ST/STM32_USB_Host_Library/Class/HID/Src/usbh_hid.o
 .debug_ranges  0x00000570       0x28 Middlewares/ST/STM32_USB_Host_Library/Class/HID/Src/usbh_hid_keybd.o
 .debug_ranges  0x00000598       0x20 Middlewares/ST/STM32_USB_Host_Library/Class/HID/Src/usbh_hid_mouse.o
 .debug_ranges  0x000005b8       0x18 Middlewares/ST/STM32_USB_Host_Library/Class/HID/Src/usbh_hid_parser.o
 .debug_ranges  0x000005d0       0xb0 HAL_Driver/Src/stm32f4xx_hal.o
 .debug_ranges  0x00000680       0xf8 HAL_Driver/Src/stm32f4xx_hal_cortex.o
 .debug_ranges  0x00000778       0x48 HAL_Driver/Src/stm32f4xx_hal_gpio.o
 .debug_ranges  0x000007c0       0xd8 HAL_Driver/Src/stm32f4xx_hal_hcd.o
 .debug_ranges  0x00000898       0x78 HAL_Driver/Src/stm32f4xx_hal_rcc.o
 .debug_ranges  0x00000910      0x140 HAL_Driver/Src/stm32f4xx_hal_uart.o
 .debug_ranges  0x00000a50      0x178 HAL_Driver/Src/stm32f4xx_ll_usb.o

.debug_macro    0x00000000    0x17aed
 .debug_macro   0x00000000      0x2d8 src/log.o
 .debug_macro   0x000002d8      0x892 src/log.o
 .debug_macro   0x00000b6a       0x28 src/log.o
 .debug_macro   0x00000b92       0x28 src/log.o
 .debug_macro   0x00000bba       0x22 src/log.o
 .debug_macro   0x00000bdc       0x44 src/log.o
 .debug_macro   0x00000c20       0x1c src/log.o
 .debug_macro   0x00000c3c      0x1f7 src/log.o
 .debug_macro   0x00000e33       0x35 src/log.o
 .debug_macro   0x00000e68       0x50 src/log.o
 .debug_macro   0x00000eb8      0xe66 src/log.o
 .debug_macro   0x00001d1e     0x929b src/log.o
 .debug_macro   0x0000afb9       0x43 src/log.o
 .debug_macro   0x0000affc      0x1b4 src/log.o
 .debug_macro   0x0000b1b0     0x32ff src/log.o
 .debug_macro   0x0000e4af       0x58 src/log.o
 .debug_macro   0x0000e507       0x35 src/log.o
 .debug_macro   0x0000e53c       0x9c src/log.o
 .debug_macro   0x0000e5d8       0x16 src/log.o
 .debug_macro   0x0000e5ee       0x97 src/log.o
 .debug_macro   0x0000e685      0x29d src/log.o
 .debug_macro   0x0000e922       0xef src/log.o
 .debug_macro   0x0000ea11       0x10 src/log.o
 .debug_macro   0x0000ea21       0x52 src/log.o
 .debug_macro   0x0000ea73       0x16 src/log.o
 .debug_macro   0x0000ea89       0x43 src/log.o
 .debug_macro   0x0000eacc      0x180 src/log.o
 .debug_macro   0x0000ec4c       0x10 src/log.o
 .debug_macro   0x0000ec5c       0x22 src/log.o